Archive member included to satisfy reference by file (symbol)

t:/programs/st/stm32cubeide_1.4.0/stm32cubeide/plugins/com.st.stm32cube.ide.mcu.externaltools.gnu-tools-for-stm32.7-2018-q2-update.win32_1.4.0.202007081208/tools/bin/../lib/gcc/arm-none-eabi/7.3.1/../../../../arm-none-eabi/lib/thumb/v7e-m/fpv4-sp/hard\libc_nano.a(lib_a-errno.o)
                              Core/Src/syscalls.o (__errno)
t:/programs/st/stm32cubeide_1.4.0/stm32cubeide/plugins/com.st.stm32cube.ide.mcu.externaltools.gnu-tools-for-stm32.7-2018-q2-update.win32_1.4.0.202007081208/tools/bin/../lib/gcc/arm-none-eabi/7.3.1/../../../../arm-none-eabi/lib/thumb/v7e-m/fpv4-sp/hard\libc_nano.a(lib_a-exit.o)
                              t:/programs/st/stm32cubeide_1.4.0/stm32cubeide/plugins/com.st.stm32cube.ide.mcu.externaltools.gnu-tools-for-stm32.7-2018-q2-update.win32_1.4.0.202007081208/tools/bin/../lib/gcc/arm-none-eabi/7.3.1/../../../../arm-none-eabi/lib/thumb/v7e-m/fpv4-sp/hard/crt0.o (exit)
t:/programs/st/stm32cubeide_1.4.0/stm32cubeide/plugins/com.st.stm32cube.ide.mcu.externaltools.gnu-tools-for-stm32.7-2018-q2-update.win32_1.4.0.202007081208/tools/bin/../lib/gcc/arm-none-eabi/7.3.1/../../../../arm-none-eabi/lib/thumb/v7e-m/fpv4-sp/hard\libc_nano.a(lib_a-impure.o)
                              t:/programs/st/stm32cubeide_1.4.0/stm32cubeide/plugins/com.st.stm32cube.ide.mcu.externaltools.gnu-tools-for-stm32.7-2018-q2-update.win32_1.4.0.202007081208/tools/bin/../lib/gcc/arm-none-eabi/7.3.1/../../../../arm-none-eabi/lib/thumb/v7e-m/fpv4-sp/hard\libc_nano.a(lib_a-exit.o) (_global_impure_ptr)
t:/programs/st/stm32cubeide_1.4.0/stm32cubeide/plugins/com.st.stm32cube.ide.mcu.externaltools.gnu-tools-for-stm32.7-2018-q2-update.win32_1.4.0.202007081208/tools/bin/../lib/gcc/arm-none-eabi/7.3.1/../../../../arm-none-eabi/lib/thumb/v7e-m/fpv4-sp/hard\libc_nano.a(lib_a-init.o)
                              t:/programs/st/stm32cubeide_1.4.0/stm32cubeide/plugins/com.st.stm32cube.ide.mcu.externaltools.gnu-tools-for-stm32.7-2018-q2-update.win32_1.4.0.202007081208/tools/bin/../lib/gcc/arm-none-eabi/7.3.1/../../../../arm-none-eabi/lib/thumb/v7e-m/fpv4-sp/hard/crt0.o (__libc_init_array)
t:/programs/st/stm32cubeide_1.4.0/stm32cubeide/plugins/com.st.stm32cube.ide.mcu.externaltools.gnu-tools-for-stm32.7-2018-q2-update.win32_1.4.0.202007081208/tools/bin/../lib/gcc/arm-none-eabi/7.3.1/../../../../arm-none-eabi/lib/thumb/v7e-m/fpv4-sp/hard\libc_nano.a(lib_a-malloc.o)
                              Middlewares/ST/STM32_USB_Device_Library/Class/CDC/Src/usbd_cdc.o (malloc)
t:/programs/st/stm32cubeide_1.4.0/stm32cubeide/plugins/com.st.stm32cube.ide.mcu.externaltools.gnu-tools-for-stm32.7-2018-q2-update.win32_1.4.0.202007081208/tools/bin/../lib/gcc/arm-none-eabi/7.3.1/../../../../arm-none-eabi/lib/thumb/v7e-m/fpv4-sp/hard\libc_nano.a(lib_a-memset.o)
                              t:/programs/st/stm32cubeide_1.4.0/stm32cubeide/plugins/com.st.stm32cube.ide.mcu.externaltools.gnu-tools-for-stm32.7-2018-q2-update.win32_1.4.0.202007081208/tools/bin/../lib/gcc/arm-none-eabi/7.3.1/../../../../arm-none-eabi/lib/thumb/v7e-m/fpv4-sp/hard/crt0.o (memset)
t:/programs/st/stm32cubeide_1.4.0/stm32cubeide/plugins/com.st.stm32cube.ide.mcu.externaltools.gnu-tools-for-stm32.7-2018-q2-update.win32_1.4.0.202007081208/tools/bin/../lib/gcc/arm-none-eabi/7.3.1/../../../../arm-none-eabi/lib/thumb/v7e-m/fpv4-sp/hard\libc_nano.a(lib_a-nano-freer.o)
                              t:/programs/st/stm32cubeide_1.4.0/stm32cubeide/plugins/com.st.stm32cube.ide.mcu.externaltools.gnu-tools-for-stm32.7-2018-q2-update.win32_1.4.0.202007081208/tools/bin/../lib/gcc/arm-none-eabi/7.3.1/../../../../arm-none-eabi/lib/thumb/v7e-m/fpv4-sp/hard\libc_nano.a(lib_a-malloc.o) (_free_r)
t:/programs/st/stm32cubeide_1.4.0/stm32cubeide/plugins/com.st.stm32cube.ide.mcu.externaltools.gnu-tools-for-stm32.7-2018-q2-update.win32_1.4.0.202007081208/tools/bin/../lib/gcc/arm-none-eabi/7.3.1/../../../../arm-none-eabi/lib/thumb/v7e-m/fpv4-sp/hard\libc_nano.a(lib_a-nano-mallocr.o)
                              t:/programs/st/stm32cubeide_1.4.0/stm32cubeide/plugins/com.st.stm32cube.ide.mcu.externaltools.gnu-tools-for-stm32.7-2018-q2-update.win32_1.4.0.202007081208/tools/bin/../lib/gcc/arm-none-eabi/7.3.1/../../../../arm-none-eabi/lib/thumb/v7e-m/fpv4-sp/hard\libc_nano.a(lib_a-malloc.o) (_malloc_r)
t:/programs/st/stm32cubeide_1.4.0/stm32cubeide/plugins/com.st.stm32cube.ide.mcu.externaltools.gnu-tools-for-stm32.7-2018-q2-update.win32_1.4.0.202007081208/tools/bin/../lib/gcc/arm-none-eabi/7.3.1/../../../../arm-none-eabi/lib/thumb/v7e-m/fpv4-sp/hard\libc_nano.a(lib_a-sbrkr.o)
                              t:/programs/st/stm32cubeide_1.4.0/stm32cubeide/plugins/com.st.stm32cube.ide.mcu.externaltools.gnu-tools-for-stm32.7-2018-q2-update.win32_1.4.0.202007081208/tools/bin/../lib/gcc/arm-none-eabi/7.3.1/../../../../arm-none-eabi/lib/thumb/v7e-m/fpv4-sp/hard\libc_nano.a(lib_a-nano-mallocr.o) (_sbrk_r)
[...]
Memory Configuration

Name             Origin             Length             Attributes
CCMRAM           0x0000000010000000 0x0000000000010000 xrw
RAM              0x0000000020000000 0x0000000000020000 xrw
FLASH            0x0000000008000000 0x0000000000100000 xr
*default*        0x0000000000000000 0xffffffffffffffff

Linker script and memory map

LOAD t:/programs/st/stm32cubeide_1.4.0/stm32cubeide/plugins/com.st.stm32cube.ide.mcu.externaltools.gnu-tools-for-stm32.7-2018-q2-update.win32_1.4.0.202007081208/tools/bin/../lib/gcc/arm-none-eabi/7.3.1/thumb/v7e-m/fpv4-sp/hard/crti.o
LOAD t:/programs/st/stm32cubeide_1.4.0/stm32cubeide/plugins/com.st.stm32cube.ide.mcu.externaltools.gnu-tools-for-stm32.7-2018-q2-update.win32_1.4.0.202007081208/tools/bin/../lib/gcc/arm-none-eabi/7.3.1/thumb/v7e-m/fpv4-sp/hard/crtbegin.o
LOAD t:/programs/st/stm32cubeide_1.4.0/stm32cubeide/plugins/com.st.stm32cube.ide.mcu.externaltools.gnu-tools-for-stm32.7-2018-q2-update.win32_1.4.0.202007081208/tools/bin/../lib/gcc/arm-none-eabi/7.3.1/../../../../arm-none-eabi/lib/thumb/v7e-m/fpv4-sp/hard/crt0.o
LOAD Core/Src/bmp280.o
LOAD Core/Src/control_logic.o
LOAD Core/Src/dma.o
LOAD Core/Src/eeprom.o
LOAD Core/Src/gpio.o
LOAD Core/Src/i2c.o
LOAD Core/Src/imu.o
LOAD Core/Src/main.o
LOAD Core/Src/rtc.o
LOAD Core/Src/stm32f4xx_hal_msp.o
LOAD Core/Src/stm32f4xx_it.o
LOAD Core/Src/syscalls.o
LOAD Core/Src/sysmem.o
LOAD Core/Src/system_stm32f4xx.o
LOAD Core/Src/telemetry.o
LOAD Core/Src/tim.o
LOAD Core/Startup/startup_stm32f405rgtx.o
LOAD Drivers/STM32F4xx_HAL_Driver/Src/stm32f4xx_hal.o
LOAD Drivers/STM32F4xx_HAL_Driver/Src/stm32f4xx_hal_cortex.o
LOAD Drivers/STM32F4xx_HAL_Driver/Src/stm32f4xx_hal_dma.o
LOAD Drivers/STM32F4xx_HAL_Driver/Src/stm32f4xx_hal_dma_ex.o
LOAD Drivers/STM32F4xx_HAL_Driver/Src/stm32f4xx_hal_exti.o
LOAD Drivers/STM32F4xx_HAL_Driver/Src/stm32f4xx_hal_flash.o
LOAD Drivers/STM32F4xx_HAL_Driver/Src/stm32f4xx_hal_flash_ex.o
LOAD Drivers/STM32F4xx_HAL_Driver/Src/stm32f4xx_hal_flash_ramfunc.o
LOAD Drivers/STM32F4xx_HAL_Driver/Src/stm32f4xx_hal_gpio.o
LOAD Drivers/STM32F4xx_HAL_Driver/Src/stm32f4xx_hal_i2c.o
LOAD Drivers/STM32F4xx_HAL_Driver/Src/stm32f4xx_hal_i2c_ex.o
LOAD Drivers/STM32F4xx_HAL_Driver/Src/stm32f4xx_hal_pcd.o
LOAD Drivers/STM32F4xx_HAL_Driver/Src/stm32f4xx_hal_pcd_ex.o
LOAD Drivers/STM32F4xx_HAL_Driver/Src/stm32f4xx_hal_pwr.o
LOAD Drivers/STM32F4xx_HAL_Driver/Src/stm32f4xx_hal_pwr_ex.o
LOAD Drivers/STM32F4xx_HAL_Driver/Src/stm32f4xx_hal_rcc.o
LOAD Drivers/STM32F4xx_HAL_Driver/Src/stm32f4xx_hal_rcc_ex.o
LOAD Drivers/STM32F4xx_HAL_Driver/Src/stm32f4xx_hal_rtc.o
LOAD Drivers/STM32F4xx_HAL_Driver/Src/stm32f4xx_hal_rtc_ex.o
LOAD Drivers/STM32F4xx_HAL_Driver/Src/stm32f4xx_hal_tim.o
LOAD Drivers/STM32F4xx_HAL_Driver/Src/stm32f4xx_hal_tim_ex.o
LOAD Drivers/STM32F4xx_HAL_Driver/Src/stm32f4xx_ll_usb.o
LOAD Middlewares/ST/STM32_USB_Device_Library/Class/CDC/Src/usbd_cdc.o
LOAD Middlewares/ST/STM32_USB_Device_Library/Core/Src/usbd_core.o
LOAD Middlewares/ST/STM32_USB_Device_Library/Core/Src/usbd_ctlreq.o
LOAD Middlewares/ST/STM32_USB_Device_Library/Core/Src/usbd_ioreq.o
LOAD USB_DEVICE/App/usb_device.o
LOAD USB_DEVICE/App/usbd_cdc_if.o
LOAD USB_DEVICE/App/usbd_desc.o
LOAD USB_DEVICE/Target/usbd_conf.o
START GROUP
LOAD t:/programs/st/stm32cubeide_1.4.0/stm32cubeide/plugins/com.st.stm32cube.ide.mcu.externaltools.gnu-tools-for-stm32.7-2018-q2-update.win32_1.4.0.202007081208/tools/bin/../lib/gcc/arm-none-eabi/7.3.1/../../../../arm-none-eabi/lib/thumb/v7e-m/fpv4-sp/hard\libc_nano.a
LOAD t:/programs/st/stm32cubeide_1.4.0/stm32cubeide/plugins/com.st.stm32cube.ide.mcu.externaltools.gnu-tools-for-stm32.7-2018-q2-update.win32_1.4.0.202007081208/tools/bin/../lib/gcc/arm-none-eabi/7.3.1/../../../../arm-none-eabi/lib/thumb/v7e-m/fpv4-sp/hard\libm.a
END GROUP
START GROUP
LOAD t:/programs/st/stm32cubeide_1.4.0/stm32cubeide/plugins/com.st.stm32cube.ide.mcu.externaltools.gnu-tools-for-stm32.7-2018-q2-update.win32_1.4.0.202007081208/tools/bin/../lib/gcc/arm-none-eabi/7.3.1/thumb/v7e-m/fpv4-sp/hard\libgcc.a
LOAD t:/programs/st/stm32cubeide_1.4.0/stm32cubeide/plugins/com.st.stm32cube.ide.mcu.externaltools.gnu-tools-for-stm32.7-2018-q2-update.win32_1.4.0.202007081208/tools/bin/../lib/gcc/arm-none-eabi/7.3.1/../../../../arm-none-eabi/lib/thumb/v7e-m/fpv4-sp/hard\libc_nano.a
END GROUP
START GROUP
LOAD t:/programs/st/stm32cubeide_1.4.0/stm32cubeide/plugins/com.st.stm32cube.ide.mcu.externaltools.gnu-tools-for-stm32.7-2018-q2-update.win32_1.4.0.202007081208/tools/bin/../lib/gcc/arm-none-eabi/7.3.1/thumb/v7e-m/fpv4-sp/hard\libgcc.a
LOAD t:/programs/st/stm32cubeide_1.4.0/stm32cubeide/plugins/com.st.stm32cube.ide.mcu.externaltools.gnu-tools-for-stm32.7-2018-q2-update.win32_1.4.0.202007081208/tools/bin/../lib/gcc/arm-none-eabi/7.3.1/../../../../arm-none-eabi/lib/thumb/v7e-m/fpv4-sp/hard\libc_nano.a
LOAD t:/programs/st/stm32cubeide_1.4.0/stm32cubeide/plugins/com.st.stm32cube.ide.mcu.externaltools.gnu-tools-for-stm32.7-2018-q2-update.win32_1.4.0.202007081208/tools/bin/../lib/gcc/arm-none-eabi/7.3.1/../../../../arm-none-eabi/lib/thumb/v7e-m/fpv4-sp/hard\libnosys.a
END GROUP
START GROUP
LOAD t:/programs/st/stm32cubeide_1.4.0/stm32cubeide/plugins/com.st.stm32cube.ide.mcu.externaltools.gnu-tools-for-stm32.7-2018-q2-update.win32_1.4.0.202007081208/tools/bin/../lib/gcc/arm-none-eabi/7.3.1/thumb/v7e-m/fpv4-sp/hard\libgcc.a
LOAD t:/programs/st/stm32cubeide_1.4.0/stm32cubeide/plugins/com.st.stm32cube.ide.mcu.externaltools.gnu-tools-for-stm32.7-2018-q2-update.win32_1.4.0.202007081208/tools/bin/../lib/gcc/arm-none-eabi/7.3.1/../../../../arm-none-eabi/lib/thumb/v7e-m/fpv4-sp/hard\libc_nano.a
LOAD t:/programs/st/stm32cubeide_1.4.0/stm32cubeide/plugins/com.st.stm32cube.ide.mcu.externaltools.gnu-tools-for-stm32.7-2018-q2-update.win32_1.4.0.202007081208/tools/bin/../lib/gcc/arm-none-eabi/7.3.1/../../../../arm-none-eabi/lib/thumb/v7e-m/fpv4-sp/hard\libnosys.a
END GROUP
LOAD t:/programs/st/stm32cubeide_1.4.0/stm32cubeide/plugins/com.st.stm32cube.ide.mcu.externaltools.gnu-tools-for-stm32.7-2018-q2-update.win32_1.4.0.202007081208/tools/bin/../lib/gcc/arm-none-eabi/7.3.1/thumb/v7e-m/fpv4-sp/hard/crtend.o
LOAD t:/programs/st/stm32cubeide_1.4.0/stm32cubeide/plugins/com.st.stm32cube.ide.mcu.externaltools.gnu-tools-for-stm32.7-2018-q2-update.win32_1.4.0.202007081208/tools/bin/../lib/gcc/arm-none-eabi/7.3.1/thumb/v7e-m/fpv4-sp/hard/crtn.o
                0x0000000020020000                _estack = (ORIGIN (RAM) + LENGTH (RAM))
                0x0000000000000200                _Min_Heap_Size = 0x200
                0x0000000000000400                _Min_Stack_Size = 0x400

.isr_vector     0x0000000008000000      0x188
                0x0000000008000000                . = ALIGN (0x4)
 *(.isr_vector)
 .isr_vector    0x0000000008000000      0x188 Core/Startup/startup_stm32f405rgtx.o
                0x0000000008000000                g_pfnVectors
                0x0000000008000188                . = ALIGN (0x4)

.text           0x0000000008000190    0x11e54
                0x0000000008000190                . = ALIGN (0x4)
 *(.text)
 .text          0x0000000008000190       0x40 t:/programs/st/stm32cubeide_1.4.0/stm32cubeide/plugins/com.st.stm32cube.ide.mcu.externaltools.gnu-tools-for-stm32.7-2018-q2-update.win32_1.4.0.202007081208/tools/bin/../lib/gcc/arm-none-eabi/7.3.1/thumb/v7e-m/fpv4-sp/hard/crtbegin.o
 .text          0x00000000080001d0       0x10 t:/programs/st/stm32cubeide_1.4.0/stm32cubeide/plugins/com.st.stm32cube.ide.mcu.externaltools.gnu-tools-for-stm32.7-2018-q2-update.win32_1.4.0.202007081208/tools/bin/../lib/gcc/arm-none-eabi/7.3.1/../../../../arm-none-eabi/lib/thumb/v7e-m/fpv4-sp/hard\libc_nano.a(lib_a-strlen.o)
                0x00000000080001d0                strlen
 .text          0x00000000080001e0       0xa0 t:/programs/st/stm32cubeide_1.4.0/stm32cubeide/plugins/com.st.stm32cube.ide.mcu.externaltools.gnu-tools-for-stm32.7-2018-q2-update.win32_1.4.0.202007081208/tools/bin/../lib/gcc/arm-none-eabi/7.3.1/../../../../arm-none-eabi/lib/thumb/v7e-m/fpv4-sp/hard\libc_nano.a(lib_a-memchr.o)
                0x00000000080001e0                memchr
 .text          0x0000000008000280      0x378 t:/programs/st/stm32cubeide_1.4.0/stm32cubeide/plugins/com.st.stm32cube.ide.mcu.externaltools.gnu-tools-for-stm32.7-2018-q2-update.win32_1.4.0.202007081208/tools/bin/../lib/gcc/arm-none-eabi/7.3.1/thumb/v7e-m/fpv4-sp/hard\libgcc.a(_arm_addsubdf3.o)
                0x0000000008000280                __aeabi_drsub
                0x0000000008000288                __aeabi_dsub
                0x0000000008000288                __subdf3
                0x000000000800028c                __aeabi_dadd
                0x000000000800028c                __adddf3
                0x0000000008000504                __floatunsidf
                0x0000000008000504                __aeabi_ui2d
                0x0000000008000524                __floatsidf
                0x0000000008000524                __aeabi_i2d
                0x0000000008000548                __aeabi_f2d
                0x0000000008000548                __extendsfdf2
                0x000000000800058c                __floatundidf
                0x000000000800058c                __aeabi_ul2d
                0x000000000800059c                __floatdidf
                0x000000000800059c                __aeabi_l2d
 .text          0x00000000080005f8      0x424 t:/programs/st/stm32cubeide_1.4.0/stm32cubeide/plugins/com.st.stm32cube.ide.mcu.externaltools.gnu-tools-for-stm32.7-2018-q2-update.win32_1.4.0.202007081208/tools/bin/../lib/gcc/arm-none-eabi/7.3.1/thumb/v7e-m/fpv4-sp/hard\libgcc.a(_arm_muldivdf3.o)
                0x00000000080005f8                __aeabi_dmul
                0x00000000080005f8                __muldf3
                0x000000000800084c                __divdf3
                0x000000000800084c                __aeabi_ddiv
 .text          0x0000000008000a1c      0x110 t:/programs/st/stm32cubeide_1.4.0/stm32cubeide/plugins/com.st.stm32cube.ide.mcu.externaltools.gnu-tools-for-stm32.7-2018-q2-update.win32_1.4.0.202007081208/tools/bin/../lib/gcc/arm-none-eabi/7.3.1/thumb/v7e-m/fpv4-sp/hard\libgcc.a(_arm_cmpdf2.o)
                0x0000000008000a1c                __gtdf2
                0x0000000008000a1c                __gedf2
                0x0000000008000a24                __ltdf2
                0x0000000008000a24                __ledf2
                0x0000000008000a2c                __nedf2
                0x0000000008000a2c                __eqdf2
                0x0000000008000a2c                __cmpdf2
                0x0000000008000aa8                __aeabi_cdrcmple
                0x0000000008000ab8                __aeabi_cdcmpeq
                0x0000000008000ab8                __aeabi_cdcmple
                0x0000000008000ac8                __aeabi_dcmpeq
                0x0000000008000adc                __aeabi_dcmplt
                0x0000000008000af0                __aeabi_dcmple
                0x0000000008000b04                __aeabi_dcmpge
                0x0000000008000b18                __aeabi_dcmpgt
 .text          0x0000000008000b2c       0x2c t:/programs/st/stm32cubeide_1.4.0/stm32cubeide/plugins/com.st.stm32cube.ide.mcu.externaltools.gnu-tools-for-stm32.7-2018-q2-update.win32_1.4.0.202007081208/tools/bin/../lib/gcc/arm-none-eabi/7.3.1/thumb/v7e-m/fpv4-sp/hard\libgcc.a(_arm_unorddf2.o)
                0x0000000008000b2c                __unorddf2
                0x0000000008000b2c                __aeabi_dcmpun
 .text          0x0000000008000b58       0x50 t:/programs/st/stm32cubeide_1.4.0/stm32cubeide/plugins/com.st.stm32cube.ide.mcu.externaltools.gnu-tools-for-stm32.7-2018-q2-update.win32_1.4.0.202007081208/tools/bin/../lib/gcc/arm-none-eabi/7.3.1/thumb/v7e-m/fpv4-sp/hard\libgcc.a(_arm_fixdfsi.o)
                0x0000000008000b58                __aeabi_d2iz
                0x0000000008000b58                __fixdfsi
 .text          0x0000000008000ba8       0xa0 t:/programs/st/stm32cubeide_1.4.0/stm32cubeide/plugins/com.st.stm32cube.ide.mcu.externaltools.gnu-tools-for-stm32.7-2018-q2-update.win32_1.4.0.202007081208/tools/bin/../lib/gcc/arm-none-eabi/7.3.1/thumb/v7e-m/fpv4-sp/hard\libgcc.a(_arm_truncdfsf2.o)
                0x0000000008000ba8                __truncdfsf2
                0x0000000008000ba8                __aeabi_d2f
 .text          0x0000000008000c48      0x21c t:/programs/st/stm32cubeide_1.4.0/stm32cubeide/plugins/com.st.stm32cube.ide.mcu.externaltools.gnu-tools-for-stm32.7-2018-q2-update.win32_1.4.0.202007081208/tools/bin/../lib/gcc/arm-none-eabi/7.3.1/thumb/v7e-m/fpv4-sp/hard\libgcc.a(_arm_addsubsf3.o)
                0x0000000008000c48                __aeabi_frsub
                0x0000000008000c50                __subsf3
                0x0000000008000c50                __aeabi_fsub
                0x0000000008000c54                __aeabi_fadd
                0x0000000008000c54                __addsf3
                0x0000000008000db4                __aeabi_ui2f
                0x0000000008000db4                __floatunsisf
                0x0000000008000dbc                __aeabi_i2f
                0x0000000008000dbc                __floatsisf
                0x0000000008000dd8                __aeabi_ul2f
                0x0000000008000dd8                __floatundisf
                0x0000000008000de8                __aeabi_l2f
                0x0000000008000de8                __floatdisf
 .text          0x0000000008000e64       0xa0 t:/programs/st/stm32cubeide_1.4.0/stm32cubeide/plugins/com.st.stm32cube.ide.mcu.externaltools.gnu-tools-for-stm32.7-2018-q2-update.win32_1.4.0.202007081208/tools/bin/../lib/gcc/arm-none-eabi/7.3.1/thumb/v7e-m/fpv4-sp/hard\libgcc.a(_aeabi_ldivmod.o)
                0x0000000008000e64                __aeabi_ldivmod
 .text          0x0000000008000f04       0x30 t:/programs/st/stm32cubeide_1.4.0/stm32cubeide/plugins/com.st.stm32cube.ide.mcu.externaltools.gnu-tools-for-stm32.7-2018-q2-update.win32_1.4.0.202007081208/tools/bin/../lib/gcc/arm-none-eabi/7.3.1/thumb/v7e-m/fpv4-sp/hard\libgcc.a(_aeabi_uldivmod.o)
                0x0000000008000f04                __aeabi_uldivmod
 .text          0x0000000008000f34      0x2cc t:/programs/st/stm32cubeide_1.4.0/stm32cubeide/plugins/com.st.stm32cube.ide.mcu.externaltools.gnu-tools-for-stm32.7-2018-q2-update.win32_1.4.0.202007081208/tools/bin/../lib/gcc/arm-none-eabi/7.3.1/thumb/v7e-m/fpv4-sp/hard\libgcc.a(_udivmoddi4.o)
                0x0000000008000f34                __udivmoddi4
 .text          0x0000000008001200        0x4 t:/programs/st/stm32cubeide_1.4.0/stm32cubeide/plugins/com.st.stm32cube.ide.mcu.externaltools.gnu-tools-for-stm32.7-2018-q2-update.win32_1.4.0.202007081208/tools/bin/../lib/gcc/arm-none-eabi/7.3.1/thumb/v7e-m/fpv4-sp/hard\libgcc.a(_dvmd_tls.o)
                0x0000000008001200                __aeabi_idiv0
                0x0000000008001200                __aeabi_ldiv0
 *(.text*)
 .text.Setup_BMP280
                0x0000000008001204       0x3c Core/Src/bmp280.o
                0x0000000008001204                Setup_BMP280
 .text.Read_BMP280_Calibration_Data
                0x0000000008001240       0x30 Core/Src/bmp280.o
                0x0000000008001240                Read_BMP280_Calibration_Data
 .text.Read_BMP280_PressureTemperature
                0x0000000008001270      0x580 Core/Src/bmp280.o
                0x0000000008001270                Read_BMP280_PressureTemperature
 .text.Calibrate_BMP280
                0x00000000080017f0       0x64 Core/Src/bmp280.o
                0x00000000080017f0                Calibrate_BMP280
 *fill*         0x0000000008001854        0x4 
 .text.Calculate_Attitude
                0x0000000008001858      0x508 Core/Src/control_logic.o
                0x0000000008001858                Calculate_Attitude
 .text.Motor_PID
                0x0000000008001d60      0x594 Core/Src/control_logic.o
                0x0000000008001d60                Motor_PID
 .text.Calculate_Motor_Outputs
                0x00000000080022f4      0x138 Core/Src/control_logic.o
                0x00000000080022f4                Calculate_Motor_Outputs
 *fill*         0x000000000800242c        0x4 
 .text.Calculate_Altitude_PID
                0x0000000008002430      0x1f4 Core/Src/control_logic.o
                0x0000000008002430                Calculate_Altitude_PID
 .text.Control_Loop
                0x0000000008002624      0x108 Core/Src/control_logic.o
                0x0000000008002624                Control_Loop
 .text.Parse_Requested_State
                0x000000000800272c       0xbc Core/Src/control_logic.o
                0x000000000800272c                Parse_Requested_State
 .text.Launch_Behavior
                0x00000000080027e8      0x138 Core/Src/control_logic.o
                0x00000000080027e8                Launch_Behavior
 .text.Land_Behavior
                0x0000000008002920        0xe Core/Src/control_logic.o
                0x0000000008002920                Land_Behavior
 *fill*         0x000000000800292e        0x2 
 .text.MX_DMA_Init
                0x0000000008002930       0x70 Core/Src/dma.o
                0x0000000008002930                MX_DMA_Init
 .text.EEPROM_Clear_Buffer
                0x00000000080029a0       0x34 Core/Src/eeprom.o
                0x00000000080029a0                EEPROM_Clear_Buffer
 .text.EEPROM_Save_Page
                0x00000000080029d4       0x4c Core/Src/eeprom.o
                0x00000000080029d4                EEPROM_Save_Page
 .text.EEPROM_Read_Page
                0x0000000008002a20       0x40 Core/Src/eeprom.o
                0x0000000008002a20                EEPROM_Read_Page
 .text.EEPROM_Write_Buffer
                0x0000000008002a60       0x58 Core/Src/eeprom.o
                0x0000000008002a60                EEPROM_Write_Buffer
 .text.EEPROM_Read_Buffer
                0x0000000008002ab8       0x58 Core/Src/eeprom.o
                0x0000000008002ab8                EEPROM_Read_Buffer
 .text.MX_GPIO_Init
                0x0000000008002b10       0xec Core/Src/gpio.o
                0x0000000008002b10                MX_GPIO_Init
 .text.MX_I2C1_Init
                0x0000000008002bfc       0x5c Core/Src/i2c.o
                0x0000000008002bfc                MX_I2C1_Init
 .text.MX_I2C2_Init
                0x0000000008002c58       0x5c Core/Src/i2c.o
                0x0000000008002c58                MX_I2C2_Init
 .text.HAL_I2C_MspInit
                0x0000000008002cb4      0x2c4 Core/Src/i2c.o
                0x0000000008002cb4                HAL_I2C_MspInit
 .text.Setup_IMU
                0x0000000008002f78       0x9c Core/Src/imu.o
                0x0000000008002f78                Setup_IMU
 .text.Calibrate_IMU
                0x0000000008003014       0xfc Core/Src/imu.o
                0x0000000008003014                Calibrate_IMU
 .text.Read_IMU
                0x0000000008003110      0x15c Core/Src/imu.o
                0x0000000008003110                Read_IMU
 .text.main     0x000000000800326c      0x6c0 Core/Src/main.o
                0x000000000800326c                main
 .text.SystemClock_Config
                0x000000000800392c      0x104 Core/Src/main.o
                0x000000000800392c                SystemClock_Config
 .text.HAL_TIM_IC_CaptureCallback
                0x0000000008003a30      0x164 Core/Src/main.o
                0x0000000008003a30                HAL_TIM_IC_CaptureCallback
 .text.HAL_TIM_PeriodElapsedCallback
                0x0000000008003b94       0x30 Core/Src/main.o
                0x0000000008003b94                HAL_TIM_PeriodElapsedCallback
 .text.GetMicros
                0x0000000008003bc4       0x18 Core/Src/main.o
                0x0000000008003bc4                GetMicros
 .text.GetMillis
                0x0000000008003bdc       0x24 Core/Src/main.o
                0x0000000008003bdc                GetMillis
 .text.GetMillisDifference
                0x0000000008003c00       0x1c Core/Src/main.o
                0x0000000008003c00                GetMillisDifference
 .text.GetMicrosDifference
                0x0000000008003c1c       0x4c Core/Src/main.o
                0x0000000008003c1c                GetMicrosDifference
 .text.HAL_I2C_MemRxCpltCallback
                0x0000000008003c68       0x14 Core/Src/main.o
                0x0000000008003c68                HAL_I2C_MemRxCpltCallback
 .text.HAL_I2C_MasterTxCpltCallback
                0x0000000008003c7c       0x2c Core/Src/main.o
                0x0000000008003c7c                HAL_I2C_MasterTxCpltCallback
 .text.HAL_I2C_MasterRxCpltCallback
                0x0000000008003ca8       0x38 Core/Src/main.o
                0x0000000008003ca8                HAL_I2C_MasterRxCpltCallback
 .text.HAL_I2C_AbortCpltCallback
                0x0000000008003ce0       0x14 Core/Src/main.o
                0x0000000008003ce0                HAL_I2C_AbortCpltCallback
 .text.HAL_I2C_ErrorCallback
                0x0000000008003cf4       0x14 Core/Src/main.o
                0x0000000008003cf4                HAL_I2C_ErrorCallback
 .text.HAL_TIM_PWM_PulseFinishedCallback
                0x0000000008003d08       0x14 Core/Src/main.o
                0x0000000008003d08                HAL_TIM_PWM_PulseFinishedCallback
 .text.Error_Handler
                0x0000000008003d1c        0xe Core/Src/main.o
                0x0000000008003d1c                Error_Handler
 *fill*         0x0000000008003d2a        0x2 
 .text.MX_RTC_Init
                0x0000000008003d2c       0x4c Core/Src/rtc.o
                0x0000000008003d2c                MX_RTC_Init
 .text.HAL_RTC_MspInit
                0x0000000008003d78       0x2c Core/Src/rtc.o
                0x0000000008003d78                HAL_RTC_MspInit
 .text.HAL_MspInit
                0x0000000008003da4       0x50 Core/Src/stm32f4xx_hal_msp.o
                0x0000000008003da4                HAL_MspInit
 .text.NMI_Handler
                0x0000000008003df4        0xe Core/Src/stm32f4xx_it.o
                0x0000000008003df4                NMI_Handler
 .text.HardFault_Handler
                0x0000000008003e02        0x6 Core/Src/stm32f4xx_it.o
                0x0000000008003e02                HardFault_Handler
 .text.MemManage_Handler
                0x0000000008003e08        0x6 Core/Src/stm32f4xx_it.o
                0x0000000008003e08                MemManage_Handler
 .text.BusFault_Handler
                0x0000000008003e0e        0x6 Core/Src/stm32f4xx_it.o
                0x0000000008003e0e                BusFault_Handler
 .text.UsageFault_Handler
                0x0000000008003e14        0x6 Core/Src/stm32f4xx_it.o
                0x0000000008003e14                UsageFault_Handler
 .text.SVC_Handler
                0x0000000008003e1a        0xe Core/Src/stm32f4xx_it.o
                0x0000000008003e1a                SVC_Handler
 .text.DebugMon_Handler
                0x0000000008003e28        0xe Core/Src/stm32f4xx_it.o
                0x0000000008003e28                DebugMon_Handler
 .text.PendSV_Handler
                0x0000000008003e36        0xe Core/Src/stm32f4xx_it.o
                0x0000000008003e36                PendSV_Handler
 .text.SysTick_Handler
                0x0000000008003e44        0xc Core/Src/stm32f4xx_it.o
                0x0000000008003e44                SysTick_Handler
 .text.DMA1_Stream0_IRQHandler
                0x0000000008003e50       0x14 Core/Src/stm32f4xx_it.o
                0x0000000008003e50                DMA1_Stream0_IRQHandler
 .text.DMA1_Stream3_IRQHandler
                0x0000000008003e64       0x14 Core/Src/stm32f4xx_it.o
                0x0000000008003e64                DMA1_Stream3_IRQHandler
 .text.DMA1_Stream6_IRQHandler
                0x0000000008003e78       0x14 Core/Src/stm32f4xx_it.o
                0x0000000008003e78                DMA1_Stream6_IRQHandler
 .text.TIM1_BRK_TIM9_IRQHandler
                0x0000000008003e8c       0x14 Core/Src/stm32f4xx_it.o
                0x0000000008003e8c                TIM1_BRK_TIM9_IRQHandler
 .text.I2C1_EV_IRQHandler
                0x0000000008003ea0       0x14 Core/Src/stm32f4xx_it.o
                0x0000000008003ea0                I2C1_EV_IRQHandler
 .text.I2C2_EV_IRQHandler
                0x0000000008003eb4       0x14 Core/Src/stm32f4xx_it.o
                0x0000000008003eb4                I2C2_EV_IRQHandler
 .text.I2C2_ER_IRQHandler
                0x0000000008003ec8       0x14 Core/Src/stm32f4xx_it.o
                0x0000000008003ec8                I2C2_ER_IRQHandler
 .text.DMA1_Stream7_IRQHandler
                0x0000000008003edc       0x14 Core/Src/stm32f4xx_it.o
                0x0000000008003edc                DMA1_Stream7_IRQHandler
 .text.TIM5_IRQHandler
                0x0000000008003ef0       0x14 Core/Src/stm32f4xx_it.o
                0x0000000008003ef0                TIM5_IRQHandler
 .text.OTG_FS_IRQHandler
                0x0000000008003f04       0x14 Core/Src/stm32f4xx_it.o
                0x0000000008003f04                OTG_FS_IRQHandler
 .text._sbrk    0x0000000008003f18       0x6c Core/Src/sysmem.o
                0x0000000008003f18                _sbrk
 .text.SystemInit
                0x0000000008003f84       0x2c Core/Src/system_stm32f4xx.o
                0x0000000008003f84                SystemInit
 .text.telem_loop
                0x0000000008003fb0      0x570 Core/Src/telemetry.o
                0x0000000008003fb0                telem_loop
 .text.ClearManualBuffer
                0x0000000008004520       0x64 Core/Src/telemetry.o
                0x0000000008004520                ClearManualBuffer
 .text.ClearPrintBuffer
                0x0000000008004584       0x34 Core/Src/telemetry.o
                0x0000000008004584                ClearPrintBuffer
 .text.PrintManualPacket
                0x00000000080045b8       0xcc Core/Src/telemetry.o
                0x00000000080045b8                PrintManualPacket
 .text.AddToAutoBuffer
                0x0000000008004684       0xbc Core/Src/telemetry.o
                0x0000000008004684                AddToAutoBuffer
 .text.AddIDToManualBuffer
                0x0000000008004740       0x38 Core/Src/telemetry.o
                0x0000000008004740                AddIDToManualBuffer
 .text.AddToManualBuffer
                0x0000000008004778       0xac Core/Src/telemetry.o
                0x0000000008004778                AddToManualBuffer
 .text.ReadReceiveBuffer
                0x0000000008004824       0x5c Core/Src/telemetry.o
                0x0000000008004824                ReadReceiveBuffer
 .text.MX_TIM3_Init
                0x0000000008004880       0xf8 Core/Src/tim.o
                0x0000000008004880                MX_TIM3_Init
 .text.MX_TIM5_Init
                0x0000000008004978       0xe0 Core/Src/tim.o
                0x0000000008004978                MX_TIM5_Init
 .text.MX_TIM8_Init
                0x0000000008004a58      0x188 Core/Src/tim.o
                0x0000000008004a58                MX_TIM8_Init
 .text.MX_TIM9_Init
                0x0000000008004be0       0x74 Core/Src/tim.o
                0x0000000008004be0                MX_TIM9_Init
 .text.HAL_TIM_PWM_MspInit
                0x0000000008004c54       0x44 Core/Src/tim.o
                0x0000000008004c54                HAL_TIM_PWM_MspInit
 .text.HAL_TIM_Base_MspInit
                0x0000000008004c98      0x108 Core/Src/tim.o
                0x0000000008004c98                HAL_TIM_Base_MspInit
 .text.HAL_TIM_MspPostInit
                0x0000000008004da0      0x104 Core/Src/tim.o
                0x0000000008004da0                HAL_TIM_MspPostInit
 .text.Reset_Handler
                0x0000000008004ea4       0x50 Core/Startup/startup_stm32f405rgtx.o
                0x0000000008004ea4                Reset_Handler
 .text.Default_Handler
                0x0000000008004ef4        0x2 Core/Startup/startup_stm32f405rgtx.o
                0x0000000008004ef4                RTC_Alarm_IRQHandler
                0x0000000008004ef4                HASH_RNG_IRQHandler
                0x0000000008004ef4                EXTI2_IRQHandler
                0x0000000008004ef4                TIM8_CC_IRQHandler
                0x0000000008004ef4                TIM1_CC_IRQHandler
                0x0000000008004ef4                DMA2_Stream5_IRQHandler
                0x0000000008004ef4                DMA1_Stream5_IRQHandler
                0x0000000008004ef4                PVD_IRQHandler
                0x0000000008004ef4                SDIO_IRQHandler
                0x0000000008004ef4                TAMP_STAMP_IRQHandler
                0x0000000008004ef4                CAN2_RX1_IRQHandler
                0x0000000008004ef4                EXTI3_IRQHandler
                0x0000000008004ef4                TIM8_TRG_COM_TIM14_IRQHandler
                0x0000000008004ef4                TIM1_UP_TIM10_IRQHandler
                0x0000000008004ef4                TIM8_UP_TIM13_IRQHandler
                0x0000000008004ef4                I2C3_ER_IRQHandler
                0x0000000008004ef4                EXTI0_IRQHandler
                0x0000000008004ef4                DMA1_Stream2_IRQHandler
                0x0000000008004ef4                CAN1_RX0_IRQHandler
                0x0000000008004ef4                FPU_IRQHandler
                0x0000000008004ef4                OTG_HS_WKUP_IRQHandler
                0x0000000008004ef4                CAN2_SCE_IRQHandler
                0x0000000008004ef4                DMA2_Stream2_IRQHandler
                0x0000000008004ef4                SPI1_IRQHandler
                0x0000000008004ef4                TIM6_DAC_IRQHandler
                0x0000000008004ef4                CAN2_RX0_IRQHandler
                0x0000000008004ef4                DMA2_Stream3_IRQHandler
                0x0000000008004ef4                USART6_IRQHandler
                0x0000000008004ef4                USART3_IRQHandler
                0x0000000008004ef4                CAN1_RX1_IRQHandler
                0x0000000008004ef4                UART5_IRQHandler
                0x0000000008004ef4                DMA2_Stream0_IRQHandler
                0x0000000008004ef4                TIM4_IRQHandler
                0x0000000008004ef4                DMA1_Stream1_IRQHandler
                0x0000000008004ef4                UART4_IRQHandler
                0x0000000008004ef4                TIM3_IRQHandler
                0x0000000008004ef4                RCC_IRQHandler
                0x0000000008004ef4                TIM8_BRK_TIM12_IRQHandler
                0x0000000008004ef4                Default_Handler
                0x0000000008004ef4                EXTI15_10_IRQHandler
                0x0000000008004ef4                ADC_IRQHandler
                0x0000000008004ef4                TIM7_IRQHandler
                0x0000000008004ef4                CAN2_TX_IRQHandler
                0x0000000008004ef4                DMA2_Stream7_IRQHandler
                0x0000000008004ef4                I2C3_EV_IRQHandler
                0x0000000008004ef4                EXTI9_5_IRQHandler
                0x0000000008004ef4                RTC_WKUP_IRQHandler
                0x0000000008004ef4                SPI2_IRQHandler
                0x0000000008004ef4                OTG_HS_EP1_IN_IRQHandler
                0x0000000008004ef4                CAN1_TX_IRQHandler
                0x0000000008004ef4                EXTI4_IRQHandler
                0x0000000008004ef4                FSMC_IRQHandler
                0x0000000008004ef4                OTG_HS_EP1_OUT_IRQHandler
                0x0000000008004ef4                WWDG_IRQHandler
                0x0000000008004ef4                TIM2_IRQHandler
                0x0000000008004ef4                OTG_FS_WKUP_IRQHandler
                0x0000000008004ef4                TIM1_TRG_COM_TIM11_IRQHandler
                0x0000000008004ef4                OTG_HS_IRQHandler
                0x0000000008004ef4                EXTI1_IRQHandler
                0x0000000008004ef4                USART2_IRQHandler
                0x0000000008004ef4                DMA2_Stream1_IRQHandler
                0x0000000008004ef4                CAN1_SCE_IRQHandler
                0x0000000008004ef4                FLASH_IRQHandler
                0x0000000008004ef4                DMA2_Stream4_IRQHandler
                0x0000000008004ef4                USART1_IRQHandler
                0x0000000008004ef4                SPI3_IRQHandler
                0x0000000008004ef4                DMA1_Stream4_IRQHandler
                0x0000000008004ef4                I2C1_ER_IRQHandler
                0x0000000008004ef4                DMA2_Stream6_IRQHandler
 *fill*         0x0000000008004ef6        0x2 
 .text.HAL_Init
                0x0000000008004ef8       0x44 Drivers/STM32F4xx_HAL_Driver/Src/stm32f4xx_hal.o
                0x0000000008004ef8                HAL_Init
 .text.HAL_InitTick
                0x0000000008004f3c       0x60 Drivers/STM32F4xx_HAL_Driver/Src/stm32f4xx_hal.o
                0x0000000008004f3c                HAL_InitTick
 .text.HAL_IncTick
                0x0000000008004f9c       0x28 Drivers/STM32F4xx_HAL_Driver/Src/stm32f4xx_hal.o
                0x0000000008004f9c                HAL_IncTick
 .text.HAL_GetTick
                0x0000000008004fc4       0x18 Drivers/STM32F4xx_HAL_Driver/Src/stm32f4xx_hal.o
                0x0000000008004fc4                HAL_GetTick
 .text.HAL_Delay
                0x0000000008004fdc       0x44 Drivers/STM32F4xx_HAL_Driver/Src/stm32f4xx_hal.o
                0x0000000008004fdc                HAL_Delay
 .text.__NVIC_SetPriorityGrouping
                0x0000000008005020       0x48 Drivers/STM32F4xx_HAL_Driver/Src/stm32f4xx_hal_cortex.o
 .text.__NVIC_GetPriorityGrouping
                0x0000000008005068       0x1c Drivers/STM32F4xx_HAL_Driver/Src/stm32f4xx_hal_cortex.o
 .text.__NVIC_EnableIRQ
                0x0000000008005084       0x3c Drivers/STM32F4xx_HAL_Driver/Src/stm32f4xx_hal_cortex.o
 .text.__NVIC_SetPriority
                0x00000000080050c0       0x54 Drivers/STM32F4xx_HAL_Driver/Src/stm32f4xx_hal_cortex.o
 .text.NVIC_EncodePriority
                0x0000000008005114       0x66 Drivers/STM32F4xx_HAL_Driver/Src/stm32f4xx_hal_cortex.o
 *fill*         0x000000000800517a        0x2 
 .text.SysTick_Config
                0x000000000800517c       0x44 Drivers/STM32F4xx_HAL_Driver/Src/stm32f4xx_hal_cortex.o
 .text.HAL_NVIC_SetPriorityGrouping
                0x00000000080051c0       0x16 Drivers/STM32F4xx_HAL_Driver/Src/stm32f4xx_hal_cortex.o
                0x00000000080051c0                HAL_NVIC_SetPriorityGrouping
 .text.HAL_NVIC_SetPriority
                0x00000000080051d6       0x38 Drivers/STM32F4xx_HAL_Driver/Src/stm32f4xx_hal_cortex.o
                0x00000000080051d6                HAL_NVIC_SetPriority
 .text.HAL_NVIC_EnableIRQ
                0x000000000800520e       0x1c Drivers/STM32F4xx_HAL_Driver/Src/stm32f4xx_hal_cortex.o
                0x000000000800520e                HAL_NVIC_EnableIRQ
 .text.HAL_SYSTICK_Config
                0x000000000800522a       0x18 Drivers/STM32F4xx_HAL_Driver/Src/stm32f4xx_hal_cortex.o
                0x000000000800522a                HAL_SYSTICK_Config
 *fill*         0x0000000008005242        0x2 
 .text.HAL_DMA_Init
                0x0000000008005244      0x15c Drivers/STM32F4xx_HAL_Driver/Src/stm32f4xx_hal_dma.o
                0x0000000008005244                HAL_DMA_Init
 .text.HAL_DMA_Abort_IT
                0x00000000080053a0       0x44 Drivers/STM32F4xx_HAL_Driver/Src/stm32f4xx_hal_dma.o
                0x00000000080053a0                HAL_DMA_Abort_IT
 .text.HAL_DMA_IRQHandler
                0x00000000080053e4      0x314 Drivers/STM32F4xx_HAL_Driver/Src/stm32f4xx_hal_dma.o
                0x00000000080053e4                HAL_DMA_IRQHandler
 .text.HAL_DMA_GetState
                0x00000000080056f8       0x1c Drivers/STM32F4xx_HAL_Driver/Src/stm32f4xx_hal_dma.o
                0x00000000080056f8                HAL_DMA_GetState
 .text.DMA_CalcBaseAndBitshift
                0x0000000008005714       0x6c Drivers/STM32F4xx_HAL_Driver/Src/stm32f4xx_hal_dma.o
 .text.DMA_CheckFifoParam
                0x0000000008005780       0xf4 Drivers/STM32F4xx_HAL_Driver/Src/stm32f4xx_hal_dma.o
 .text.HAL_GPIO_Init
                0x0000000008005874      0x334 Drivers/STM32F4xx_HAL_Driver/Src/stm32f4xx_hal_gpio.o
                0x0000000008005874                HAL_GPIO_Init
 .text.HAL_GPIO_ReadPin
                0x0000000008005ba8       0x30 Drivers/STM32F4xx_HAL_Driver/Src/stm32f4xx_hal_gpio.o
                0x0000000008005ba8                HAL_GPIO_ReadPin
 .text.HAL_GPIO_WritePin
                0x0000000008005bd8       0x32 Drivers/STM32F4xx_HAL_Driver/Src/stm32f4xx_hal_gpio.o
                0x0000000008005bd8                HAL_GPIO_WritePin
 .text.HAL_GPIO_TogglePin
                0x0000000008005c0a       0x36 Drivers/STM32F4xx_HAL_Driver/Src/stm32f4xx_hal_gpio.o
                0x0000000008005c0a                HAL_GPIO_TogglePin
 .text.HAL_I2C_Init
                0x0000000008005c40      0x270 Drivers/STM32F4xx_HAL_Driver/Src/stm32f4xx_hal_i2c.o
                0x0000000008005c40                HAL_I2C_Init
 .text.HAL_I2C_Master_Transmit
                0x0000000008005eb0      0x1fc Drivers/STM32F4xx_HAL_Driver/Src/stm32f4xx_hal_i2c.o
                0x0000000008005eb0                HAL_I2C_Master_Transmit
 .text.HAL_I2C_Mem_Read
                0x00000000080060ac      0x44c Drivers/STM32F4xx_HAL_Driver/Src/stm32f4xx_hal_i2c.o
                0x00000000080060ac                HAL_I2C_Mem_Read
 .text.HAL_I2C_Master_Seq_Transmit_IT
                0x00000000080064f8      0x17c Drivers/STM32F4xx_HAL_Driver/Src/stm32f4xx_hal_i2c.o
                0x00000000080064f8                HAL_I2C_Master_Seq_Transmit_IT
 .text.HAL_I2C_Master_Seq_Receive_IT
                0x0000000008006674      0x1ec Drivers/STM32F4xx_HAL_Driver/Src/stm32f4xx_hal_i2c.o
                0x0000000008006674                HAL_I2C_Master_Seq_Receive_IT
 .text.HAL_I2C_EV_IRQHandler
                0x0000000008006860      0x2cc Drivers/STM32F4xx_HAL_Driver/Src/stm32f4xx_hal_i2c.o
                0x0000000008006860                HAL_I2C_EV_IRQHandler
 .text.HAL_I2C_ER_IRQHandler
                0x0000000008006b2c      0x14e Drivers/STM32F4xx_HAL_Driver/Src/stm32f4xx_hal_i2c.o
                0x0000000008006b2c                HAL_I2C_ER_IRQHandler
 .text.HAL_I2C_SlaveTxCpltCallback
                0x0000000008006c7a       0x14 Drivers/STM32F4xx_HAL_Driver/Src/stm32f4xx_hal_i2c.o
                0x0000000008006c7a                HAL_I2C_SlaveTxCpltCallback
 .text.HAL_I2C_SlaveRxCpltCallback
                0x0000000008006c8e       0x14 Drivers/STM32F4xx_HAL_Driver/Src/stm32f4xx_hal_i2c.o
                0x0000000008006c8e                HAL_I2C_SlaveRxCpltCallback
 .text.HAL_I2C_AddrCallback
                0x0000000008006ca2       0x1c Drivers/STM32F4xx_HAL_Driver/Src/stm32f4xx_hal_i2c.o
                0x0000000008006ca2                HAL_I2C_AddrCallback
 .text.HAL_I2C_ListenCpltCallback
                0x0000000008006cbe       0x14 Drivers/STM32F4xx_HAL_Driver/Src/stm32f4xx_hal_i2c.o
                0x0000000008006cbe                HAL_I2C_ListenCpltCallback
 .text.HAL_I2C_MemTxCpltCallback
                0x0000000008006cd2       0x14 Drivers/STM32F4xx_HAL_Driver/Src/stm32f4xx_hal_i2c.o
                0x0000000008006cd2                HAL_I2C_MemTxCpltCallback
 .text.HAL_I2C_GetState
                0x0000000008006ce6       0x1c Drivers/STM32F4xx_HAL_Driver/Src/stm32f4xx_hal_i2c.o
                0x0000000008006ce6                HAL_I2C_GetState
 .text.I2C_MasterTransmit_TXE
                0x0000000008006d02      0x138 Drivers/STM32F4xx_HAL_Driver/Src/stm32f4xx_hal_i2c.o
 .text.I2C_MasterTransmit_BTF
                0x0000000008006e3a      0x100 Drivers/STM32F4xx_HAL_Driver/Src/stm32f4xx_hal_i2c.o
 .text.I2C_MemoryTransmit_TXE_BTF
                0x0000000008006f3a       0xce Drivers/STM32F4xx_HAL_Driver/Src/stm32f4xx_hal_i2c.o
 .text.I2C_MasterReceive_RXNE
                0x0000000008007008      0x104 Drivers/STM32F4xx_HAL_Driver/Src/stm32f4xx_hal_i2c.o
 .text.I2C_MasterReceive_BTF
                0x000000000800710c      0x1d4 Drivers/STM32F4xx_HAL_Driver/Src/stm32f4xx_hal_i2c.o
 .text.I2C_Master_SB
                0x00000000080072e0      0x10c Drivers/STM32F4xx_HAL_Driver/Src/stm32f4xx_hal_i2c.o
 .text.I2C_Master_ADD10
                0x00000000080073ec       0x54 Drivers/STM32F4xx_HAL_Driver/Src/stm32f4xx_hal_i2c.o
 .text.I2C_Master_ADDR
                0x0000000008007440      0x322 Drivers/STM32F4xx_HAL_Driver/Src/stm32f4xx_hal_i2c.o
 .text.I2C_SlaveTransmit_TXE
                0x0000000008007762       0x7a Drivers/STM32F4xx_HAL_Driver/Src/stm32f4xx_hal_i2c.o
 .text.I2C_SlaveTransmit_BTF
                0x00000000080077dc       0x42 Drivers/STM32F4xx_HAL_Driver/Src/stm32f4xx_hal_i2c.o
 .text.I2C_SlaveReceive_RXNE
                0x000000000800781e       0x7c Drivers/STM32F4xx_HAL_Driver/Src/stm32f4xx_hal_i2c.o
 .text.I2C_SlaveReceive_BTF
                0x000000000800789a       0x44 Drivers/STM32F4xx_HAL_Driver/Src/stm32f4xx_hal_i2c.o
 .text.I2C_Slave_ADDR
                0x00000000080078de       0x88 Drivers/STM32F4xx_HAL_Driver/Src/stm32f4xx_hal_i2c.o
 *fill*         0x0000000008007966        0x2 
 .text.I2C_Slave_STOPF
                0x0000000008007968      0x260 Drivers/STM32F4xx_HAL_Driver/Src/stm32f4xx_hal_i2c.o
 .text.I2C_Slave_AF
                0x0000000008007bc8       0xe0 Drivers/STM32F4xx_HAL_Driver/Src/stm32f4xx_hal_i2c.o
 .text.I2C_ITError
                0x0000000008007ca8      0x25c Drivers/STM32F4xx_HAL_Driver/Src/stm32f4xx_hal_i2c.o
 .text.I2C_MasterRequestWrite
                0x0000000008007f04      0x104 Drivers/STM32F4xx_HAL_Driver/Src/stm32f4xx_hal_i2c.o
 .text.I2C_RequestMemoryRead
                0x0000000008008008      0x1cc Drivers/STM32F4xx_HAL_Driver/Src/stm32f4xx_hal_i2c.o
 .text.I2C_DMAAbort
                0x00000000080081d4       0xfe Drivers/STM32F4xx_HAL_Driver/Src/stm32f4xx_hal_i2c.o
 .text.I2C_WaitOnFlagUntilTimeout
                0x00000000080082d2       0xae Drivers/STM32F4xx_HAL_Driver/Src/stm32f4xx_hal_i2c.o
 .text.I2C_WaitOnMasterAddressFlagUntilTimeout
                0x0000000008008380       0xfe Drivers/STM32F4xx_HAL_Driver/Src/stm32f4xx_hal_i2c.o
 .text.I2C_WaitOnTXEFlagUntilTimeout
                0x000000000800847e       0x82 Drivers/STM32F4xx_HAL_Driver/Src/stm32f4xx_hal_i2c.o
 .text.I2C_WaitOnBTFFlagUntilTimeout
                0x0000000008008500       0x82 Drivers/STM32F4xx_HAL_Driver/Src/stm32f4xx_hal_i2c.o
 .text.I2C_WaitOnRXNEFlagUntilTimeout
                0x0000000008008582       0xac Drivers/STM32F4xx_HAL_Driver/Src/stm32f4xx_hal_i2c.o
 .text.I2C_IsAcknowledgeFailed
                0x000000000800862e       0x5e Drivers/STM32F4xx_HAL_Driver/Src/stm32f4xx_hal_i2c.o
 .text.I2C_ConvertOtherXferOptions
                0x000000000800868c       0x36 Drivers/STM32F4xx_HAL_Driver/Src/stm32f4xx_hal_i2c.o
 .text.HAL_PCD_Init
                0x00000000080086c2      0x23a Drivers/STM32F4xx_HAL_Driver/Src/stm32f4xx_hal_pcd.o
                0x00000000080086c2                HAL_PCD_Init
 .text.HAL_PCD_Start
                0x00000000080088fc       0x66 Drivers/STM32F4xx_HAL_Driver/Src/stm32f4xx_hal_pcd.o
                0x00000000080088fc                HAL_PCD_Start
 .text.HAL_PCD_IRQHandler
                0x0000000008008962      0x764 Drivers/STM32F4xx_HAL_Driver/Src/stm32f4xx_hal_pcd.o
                0x0000000008008962                HAL_PCD_IRQHandler
 .text.HAL_PCD_SetAddress
                0x00000000080090c6       0x4a Drivers/STM32F4xx_HAL_Driver/Src/stm32f4xx_hal_pcd.o
                0x00000000080090c6                HAL_PCD_SetAddress
 .text.HAL_PCD_EP_Open
                0x0000000008009110       0xd0 Drivers/STM32F4xx_HAL_Driver/Src/stm32f4xx_hal_pcd.o
                0x0000000008009110                HAL_PCD_EP_Open
 .text.HAL_PCD_EP_Close
                0x00000000080091e0       0x94 Drivers/STM32F4xx_HAL_Driver/Src/stm32f4xx_hal_pcd.o
                0x00000000080091e0                HAL_PCD_EP_Close
 .text.HAL_PCD_EP_Receive
                0x0000000008009274       0x96 Drivers/STM32F4xx_HAL_Driver/Src/stm32f4xx_hal_pcd.o
                0x0000000008009274                HAL_PCD_EP_Receive
 .text.HAL_PCD_EP_GetRxCount
                0x000000000800930a       0x30 Drivers/STM32F4xx_HAL_Driver/Src/stm32f4xx_hal_pcd.o
                0x000000000800930a                HAL_PCD_EP_GetRxCount
 .text.HAL_PCD_EP_Transmit
                0x000000000800933a       0x94 Drivers/STM32F4xx_HAL_Driver/Src/stm32f4xx_hal_pcd.o
                0x000000000800933a                HAL_PCD_EP_Transmit
 .text.HAL_PCD_EP_SetStall
                0x00000000080093ce       0xc8 Drivers/STM32F4xx_HAL_Driver/Src/stm32f4xx_hal_pcd.o
                0x00000000080093ce                HAL_PCD_EP_SetStall
 .text.HAL_PCD_EP_ClrStall
                0x0000000008009496       0xac Drivers/STM32F4xx_HAL_Driver/Src/stm32f4xx_hal_pcd.o
                0x0000000008009496                HAL_PCD_EP_ClrStall
 .text.PCD_WriteEmptyTxFifo
                0x0000000008009542      0x11a Drivers/STM32F4xx_HAL_Driver/Src/stm32f4xx_hal_pcd.o
 .text.PCD_EP_OutXfrComplete_int
                0x000000000800965c      0x218 Drivers/STM32F4xx_HAL_Driver/Src/stm32f4xx_hal_pcd.o
 .text.PCD_EP_OutSetupPacket_int
                0x0000000008009874       0x8c Drivers/STM32F4xx_HAL_Driver/Src/stm32f4xx_hal_pcd.o
 .text.HAL_PCDEx_SetTxFiFo
                0x0000000008009900       0x8e Drivers/STM32F4xx_HAL_Driver/Src/stm32f4xx_hal_pcd_ex.o
                0x0000000008009900                HAL_PCDEx_SetTxFiFo
 .text.HAL_PCDEx_SetRxFiFo
                0x000000000800998e       0x22 Drivers/STM32F4xx_HAL_Driver/Src/stm32f4xx_hal_pcd_ex.o
                0x000000000800998e                HAL_PCDEx_SetRxFiFo
 .text.HAL_PCDEx_LPM_Callback
                0x00000000080099b0       0x18 Drivers/STM32F4xx_HAL_Driver/Src/stm32f4xx_hal_pcd_ex.o
                0x00000000080099b0                HAL_PCDEx_LPM_Callback
 .text.HAL_RCC_OscConfig
                0x00000000080099c8      0x4e0 Drivers/STM32F4xx_HAL_Driver/Src/stm32f4xx_hal_rcc.o
                0x00000000080099c8                HAL_RCC_OscConfig
 .text.HAL_RCC_ClockConfig
                0x0000000008009ea8      0x1cc Drivers/STM32F4xx_HAL_Driver/Src/stm32f4xx_hal_rcc.o
                0x0000000008009ea8                HAL_RCC_ClockConfig
 .text.HAL_RCC_GetSysClockFreq
                0x000000000800a074      0x1ac Drivers/STM32F4xx_HAL_Driver/Src/stm32f4xx_hal_rcc.o
                0x000000000800a074                HAL_RCC_GetSysClockFreq
 .text.HAL_RCC_GetHCLKFreq
                0x000000000800a220       0x18 Drivers/STM32F4xx_HAL_Driver/Src/stm32f4xx_hal_rcc.o
                0x000000000800a220                HAL_RCC_GetHCLKFreq
 .text.HAL_RCC_GetPCLK1Freq
                0x000000000800a238       0x28 Drivers/STM32F4xx_HAL_Driver/Src/stm32f4xx_hal_rcc.o
                0x000000000800a238                HAL_RCC_GetPCLK1Freq
 .text.HAL_RCCEx_PeriphCLKConfig
                0x000000000800a260      0x1c4 Drivers/STM32F4xx_HAL_Driver/Src/stm32f4xx_hal_rcc_ex.o
                0x000000000800a260                HAL_RCCEx_PeriphCLKConfig
 .text.HAL_RTC_Init
                0x000000000800a424      0x122 Drivers/STM32F4xx_HAL_Driver/Src/stm32f4xx_hal_rtc.o
                0x000000000800a424                HAL_RTC_Init
 .text.HAL_RTC_WaitForSynchro
                0x000000000800a546       0x50 Drivers/STM32F4xx_HAL_Driver/Src/stm32f4xx_hal_rtc.o
                0x000000000800a546                HAL_RTC_WaitForSynchro
 .text.RTC_EnterInitMode
                0x000000000800a596       0x58 Drivers/STM32F4xx_HAL_Driver/Src/stm32f4xx_hal_rtc.o
                0x000000000800a596                RTC_EnterInitMode
 .text.HAL_TIM_Base_Init
                0x000000000800a5ee       0x56 Drivers/STM32F4xx_HAL_Driver/Src/stm32f4xx_hal_tim.o
                0x000000000800a5ee                HAL_TIM_Base_Init
 .text.HAL_TIM_Base_Start_IT
                0x000000000800a644       0x48 Drivers/STM32F4xx_HAL_Driver/Src/stm32f4xx_hal_tim.o
                0x000000000800a644                HAL_TIM_Base_Start_IT
 .text.HAL_TIM_PWM_Init
                0x000000000800a68c       0x56 Drivers/STM32F4xx_HAL_Driver/Src/stm32f4xx_hal_tim.o
                0x000000000800a68c                HAL_TIM_PWM_Init
 *fill*         0x000000000800a6e2        0x2 
 .text.HAL_TIM_PWM_Start
                0x000000000800a6e4       0x7c Drivers/STM32F4xx_HAL_Driver/Src/stm32f4xx_hal_tim.o
                0x000000000800a6e4                HAL_TIM_PWM_Start
 .text.HAL_TIM_IC_Init
                0x000000000800a760       0x56 Drivers/STM32F4xx_HAL_Driver/Src/stm32f4xx_hal_tim.o
                0x000000000800a760                HAL_TIM_IC_Init
 .text.HAL_TIM_IC_MspInit
                0x000000000800a7b6       0x14 Drivers/STM32F4xx_HAL_Driver/Src/stm32f4xx_hal_tim.o
                0x000000000800a7b6                HAL_TIM_IC_MspInit
 *fill*         0x000000000800a7ca        0x2 
 .text.HAL_TIM_IC_Start_IT
                0x000000000800a7cc       0xd0 Drivers/STM32F4xx_HAL_Driver/Src/stm32f4xx_hal_tim.o
                0x000000000800a7cc                HAL_TIM_IC_Start_IT
 .text.HAL_TIM_IRQHandler
                0x000000000800a89c      0x210 Drivers/STM32F4xx_HAL_Driver/Src/stm32f4xx_hal_tim.o
                0x000000000800a89c                HAL_TIM_IRQHandler
 .text.HAL_TIM_IC_ConfigChannel
                0x000000000800aaac      0x138 Drivers/STM32F4xx_HAL_Driver/Src/stm32f4xx_hal_tim.o
                0x000000000800aaac                HAL_TIM_IC_ConfigChannel
 .text.HAL_TIM_PWM_ConfigChannel
                0x000000000800abe4      0x18c Drivers/STM32F4xx_HAL_Driver/Src/stm32f4xx_hal_tim.o
                0x000000000800abe4                HAL_TIM_PWM_ConfigChannel
 .text.HAL_TIM_ConfigClockSource
                0x000000000800ad70      0x16e Drivers/STM32F4xx_HAL_Driver/Src/stm32f4xx_hal_tim.o
                0x000000000800ad70                HAL_TIM_ConfigClockSource
 *fill*         0x000000000800aede        0x2 
 .text.HAL_TIM_ReadCapturedValue
                0x000000000800aee0       0x88 Drivers/STM32F4xx_HAL_Driver/Src/stm32f4xx_hal_tim.o
                0x000000000800aee0                HAL_TIM_ReadCapturedValue
 .text.HAL_TIM_OC_DelayElapsedCallback
                0x000000000800af68       0x14 Drivers/STM32F4xx_HAL_Driver/Src/stm32f4xx_hal_tim.o
                0x000000000800af68                HAL_TIM_OC_DelayElapsedCallback
 .text.HAL_TIM_TriggerCallback
                0x000000000800af7c       0x14 Drivers/STM32F4xx_HAL_Driver/Src/stm32f4xx_hal_tim.o
                0x000000000800af7c                HAL_TIM_TriggerCallback
 .text.TIM_Base_SetConfig
                0x000000000800af90      0x140 Drivers/STM32F4xx_HAL_Driver/Src/stm32f4xx_hal_tim.o
                0x000000000800af90                TIM_Base_SetConfig
 .text.TIM_OC1_SetConfig
                0x000000000800b0d0       0xe0 Drivers/STM32F4xx_HAL_Driver/Src/stm32f4xx_hal_tim.o
 .text.TIM_OC2_SetConfig
                0x000000000800b1b0       0xec Drivers/STM32F4xx_HAL_Driver/Src/stm32f4xx_hal_tim.o
                0x000000000800b1b0                TIM_OC2_SetConfig
 .text.TIM_OC3_SetConfig
                0x000000000800b29c       0xe8 Drivers/STM32F4xx_HAL_Driver/Src/stm32f4xx_hal_tim.o
 .text.TIM_OC4_SetConfig
                0x000000000800b384       0xac Drivers/STM32F4xx_HAL_Driver/Src/stm32f4xx_hal_tim.o
 .text.TIM_TI1_SetConfig
                0x000000000800b430       0xe8 Drivers/STM32F4xx_HAL_Driver/Src/stm32f4xx_hal_tim.o
                0x000000000800b430                TIM_TI1_SetConfig
 .text.TIM_TI1_ConfigInputStage
                0x000000000800b518       0x5e Drivers/STM32F4xx_HAL_Driver/Src/stm32f4xx_hal_tim.o
 .text.TIM_TI2_SetConfig
                0x000000000800b576       0x7a Drivers/STM32F4xx_HAL_Driver/Src/stm32f4xx_hal_tim.o
 .text.TIM_TI2_ConfigInputStage
                0x000000000800b5f0       0x60 Drivers/STM32F4xx_HAL_Driver/Src/stm32f4xx_hal_tim.o
 .text.TIM_TI3_SetConfig
                0x000000000800b650       0x78 Drivers/STM32F4xx_HAL_Driver/Src/stm32f4xx_hal_tim.o
 .text.TIM_TI4_SetConfig
                0x000000000800b6c8       0x7a Drivers/STM32F4xx_HAL_Driver/Src/stm32f4xx_hal_tim.o
 .text.TIM_ITRx_SetConfig
                0x000000000800b742       0x36 Drivers/STM32F4xx_HAL_Driver/Src/stm32f4xx_hal_tim.o
 .text.TIM_ETR_SetConfig
                0x000000000800b778       0x40 Drivers/STM32F4xx_HAL_Driver/Src/stm32f4xx_hal_tim.o
                0x000000000800b778                TIM_ETR_SetConfig
 .text.TIM_CCxChannelCmd
                0x000000000800b7b8       0x4a Drivers/STM32F4xx_HAL_Driver/Src/stm32f4xx_hal_tim.o
                0x000000000800b7b8                TIM_CCxChannelCmd
 *fill*         0x000000000800b802        0x2 
 .text.HAL_TIMEx_MasterConfigSynchronization
                0x000000000800b804       0xf8 Drivers/STM32F4xx_HAL_Driver/Src/stm32f4xx_hal_tim_ex.o
                0x000000000800b804                HAL_TIMEx_MasterConfigSynchronization
 .text.HAL_TIMEx_ConfigBreakDeadTime
                0x000000000800b8fc       0xa4 Drivers/STM32F4xx_HAL_Driver/Src/stm32f4xx_hal_tim_ex.o
                0x000000000800b8fc                HAL_TIMEx_ConfigBreakDeadTime
 .text.HAL_TIMEx_CommutCallback
                0x000000000800b9a0       0x14 Drivers/STM32F4xx_HAL_Driver/Src/stm32f4xx_hal_tim_ex.o
                0x000000000800b9a0                HAL_TIMEx_CommutCallback
 .text.HAL_TIMEx_BreakCallback
                0x000000000800b9b4       0x14 Drivers/STM32F4xx_HAL_Driver/Src/stm32f4xx_hal_tim_ex.o
                0x000000000800b9b4                HAL_TIMEx_BreakCallback
 .text.USB_CoreInit
                0x000000000800b9c8       0xc2 Drivers/STM32F4xx_HAL_Driver/Src/stm32f4xx_ll_usb.o
                0x000000000800b9c8                USB_CoreInit
 *fill*         0x000000000800ba8a        0x2 
 .text.USB_SetTurnaroundTime
                0x000000000800ba8c      0x144 Drivers/STM32F4xx_HAL_Driver/Src/stm32f4xx_ll_usb.o
                0x000000000800ba8c                USB_SetTurnaroundTime
 .text.USB_EnableGlobalInt
                0x000000000800bbd0       0x22 Drivers/STM32F4xx_HAL_Driver/Src/stm32f4xx_ll_usb.o
                0x000000000800bbd0                USB_EnableGlobalInt
 .text.USB_DisableGlobalInt
                0x000000000800bbf2       0x22 Drivers/STM32F4xx_HAL_Driver/Src/stm32f4xx_ll_usb.o
                0x000000000800bbf2                USB_DisableGlobalInt
 .text.USB_SetCurrentMode
                0x000000000800bc14       0x54 Drivers/STM32F4xx_HAL_Driver/Src/stm32f4xx_ll_usb.o
                0x000000000800bc14                USB_SetCurrentMode
 .text.USB_DevInit
                0x000000000800bc68      0x2c8 Drivers/STM32F4xx_HAL_Driver/Src/stm32f4xx_ll_usb.o
                0x000000000800bc68                USB_DevInit
 .text.USB_FlushTxFifo
                0x000000000800bf30       0x4c Drivers/STM32F4xx_HAL_Driver/Src/stm32f4xx_ll_usb.o
                0x000000000800bf30                USB_FlushTxFifo
 .text.USB_FlushRxFifo
                0x000000000800bf7c       0x44 Drivers/STM32F4xx_HAL_Driver/Src/stm32f4xx_ll_usb.o
                0x000000000800bf7c                USB_FlushRxFifo
 .text.USB_SetDevSpeed
                0x000000000800bfc0       0x32 Drivers/STM32F4xx_HAL_Driver/Src/stm32f4xx_ll_usb.o
                0x000000000800bfc0                USB_SetDevSpeed
 .text.USB_GetDevSpeed
                0x000000000800bff2       0x4a Drivers/STM32F4xx_HAL_Driver/Src/stm32f4xx_ll_usb.o
                0x000000000800bff2                USB_GetDevSpeed
 .text.USB_ActivateEndpoint
                0x000000000800c03c      0x10e Drivers/STM32F4xx_HAL_Driver/Src/stm32f4xx_ll_usb.o
                0x000000000800c03c                USB_ActivateEndpoint
 *fill*         0x000000000800c14a        0x2 
 .text.USB_DeactivateEndpoint
                0x000000000800c14c      0x1b8 Drivers/STM32F4xx_HAL_Driver/Src/stm32f4xx_ll_usb.o
                0x000000000800c14c                USB_DeactivateEndpoint
 .text.USB_EPStartXfer
                0x000000000800c304      0x488 Drivers/STM32F4xx_HAL_Driver/Src/stm32f4xx_ll_usb.o
                0x000000000800c304                USB_EPStartXfer
 .text.USB_EP0StartXfer
                0x000000000800c78c      0x2a6 Drivers/STM32F4xx_HAL_Driver/Src/stm32f4xx_ll_usb.o
                0x000000000800c78c                USB_EP0StartXfer
 .text.USB_WritePacket
                0x000000000800ca32       0x6a Drivers/STM32F4xx_HAL_Driver/Src/stm32f4xx_ll_usb.o
                0x000000000800ca32                USB_WritePacket
 .text.USB_ReadPacket
                0x000000000800ca9c       0x52 Drivers/STM32F4xx_HAL_Driver/Src/stm32f4xx_ll_usb.o
                0x000000000800ca9c                USB_ReadPacket
 .text.USB_EPSetStall
                0x000000000800caee       0xdc Drivers/STM32F4xx_HAL_Driver/Src/stm32f4xx_ll_usb.o
                0x000000000800caee                USB_EPSetStall
 .text.USB_EPClearStall
                0x000000000800cbca       0xcc Drivers/STM32F4xx_HAL_Driver/Src/stm32f4xx_ll_usb.o
                0x000000000800cbca                USB_EPClearStall
 .text.USB_SetDevAddress
                0x000000000800cc96       0x4c Drivers/STM32F4xx_HAL_Driver/Src/stm32f4xx_ll_usb.o
                0x000000000800cc96                USB_SetDevAddress
 .text.USB_DevConnect
                0x000000000800cce2       0x30 Drivers/STM32F4xx_HAL_Driver/Src/stm32f4xx_ll_usb.o
                0x000000000800cce2                USB_DevConnect
 .text.USB_DevDisconnect
                0x000000000800cd12       0x30 Drivers/STM32F4xx_HAL_Driver/Src/stm32f4xx_ll_usb.o
                0x000000000800cd12                USB_DevDisconnect
 .text.USB_ReadInterrupts
                0x000000000800cd42       0x26 Drivers/STM32F4xx_HAL_Driver/Src/stm32f4xx_ll_usb.o
                0x000000000800cd42                USB_ReadInterrupts
 .text.USB_ReadDevAllOutEpInterrupt
                0x000000000800cd68       0x34 Drivers/STM32F4xx_HAL_Driver/Src/stm32f4xx_ll_usb.o
                0x000000000800cd68                USB_ReadDevAllOutEpInterrupt
 .text.USB_ReadDevAllInEpInterrupt
                0x000000000800cd9c       0x34 Drivers/STM32F4xx_HAL_Driver/Src/stm32f4xx_ll_usb.o
                0x000000000800cd9c                USB_ReadDevAllInEpInterrupt
 .text.USB_ReadDevOutEPInterrupt
                0x000000000800cdd0       0x3c Drivers/STM32F4xx_HAL_Driver/Src/stm32f4xx_ll_usb.o
                0x000000000800cdd0                USB_ReadDevOutEPInterrupt
 .text.USB_ReadDevInEPInterrupt
                0x000000000800ce0c       0x5c Drivers/STM32F4xx_HAL_Driver/Src/stm32f4xx_ll_usb.o
                0x000000000800ce0c                USB_ReadDevInEPInterrupt
 .text.USB_GetMode
                0x000000000800ce68       0x1c Drivers/STM32F4xx_HAL_Driver/Src/stm32f4xx_ll_usb.o
                0x000000000800ce68                USB_GetMode
 .text.USB_ActivateSetup
                0x000000000800ce84       0x46 Drivers/STM32F4xx_HAL_Driver/Src/stm32f4xx_ll_usb.o
                0x000000000800ce84                USB_ActivateSetup
 *fill*         0x000000000800ceca        0x2 
 .text.USB_EP0_OutStart
                0x000000000800cecc       0xbc Drivers/STM32F4xx_HAL_Driver/Src/stm32f4xx_ll_usb.o
                0x000000000800cecc                USB_EP0_OutStart
 .text.USB_CoreReset
                0x000000000800cf88       0x68 Drivers/STM32F4xx_HAL_Driver/Src/stm32f4xx_ll_usb.o
 .text.USBD_CDC_Init
                0x000000000800cff0      0x100 Middlewares/ST/STM32_USB_Device_Library/Class/CDC/Src/usbd_cdc.o
 .text.USBD_CDC_DeInit
                0x000000000800d0f0       0x78 Middlewares/ST/STM32_USB_Device_Library/Class/CDC/Src/usbd_cdc.o
 .text.USBD_CDC_Setup
                0x000000000800d168      0x178 Middlewares/ST/STM32_USB_Device_Library/Class/CDC/Src/usbd_cdc.o
 .text.USBD_CDC_DataIn
                0x000000000800d2e0       0xbe Middlewares/ST/STM32_USB_Device_Library/Class/CDC/Src/usbd_cdc.o
 .text.USBD_CDC_DataOut
                0x000000000800d39e       0x56 Middlewares/ST/STM32_USB_Device_Library/Class/CDC/Src/usbd_cdc.o
 .text.USBD_CDC_EP0_RxReady
                0x000000000800d3f4       0x50 Middlewares/ST/STM32_USB_Device_Library/Class/CDC/Src/usbd_cdc.o
 .text.USBD_CDC_GetFSCfgDesc
                0x000000000800d444       0x20 Middlewares/ST/STM32_USB_Device_Library/Class/CDC/Src/usbd_cdc.o
 .text.USBD_CDC_GetHSCfgDesc
                0x000000000800d464       0x20 Middlewares/ST/STM32_USB_Device_Library/Class/CDC/Src/usbd_cdc.o
 .text.USBD_CDC_GetOtherSpeedCfgDesc
                0x000000000800d484       0x20 Middlewares/ST/STM32_USB_Device_Library/Class/CDC/Src/usbd_cdc.o
 .text.USBD_CDC_GetDeviceQualifierDescriptor
                0x000000000800d4a4       0x20 Middlewares/ST/STM32_USB_Device_Library/Class/CDC/Src/usbd_cdc.o
                0x000000000800d4a4                USBD_CDC_GetDeviceQualifierDescriptor
 .text.USBD_CDC_RegisterInterface
                0x000000000800d4c4       0x2a Middlewares/ST/STM32_USB_Device_Library/Class/CDC/Src/usbd_cdc.o
                0x000000000800d4c4                USBD_CDC_RegisterInterface
 .text.USBD_CDC_SetTxBuffer
                0x000000000800d4ee       0x32 Middlewares/ST/STM32_USB_Device_Library/Class/CDC/Src/usbd_cdc.o
                0x000000000800d4ee                USBD_CDC_SetTxBuffer
 .text.USBD_CDC_SetRxBuffer
                0x000000000800d520       0x28 Middlewares/ST/STM32_USB_Device_Library/Class/CDC/Src/usbd_cdc.o
                0x000000000800d520                USBD_CDC_SetRxBuffer
 .text.USBD_CDC_ReceivePacket
                0x000000000800d548       0x54 Middlewares/ST/STM32_USB_Device_Library/Class/CDC/Src/usbd_cdc.o
                0x000000000800d548                USBD_CDC_ReceivePacket
 .text.USBD_Init
                0x000000000800d59c       0x6c Middlewares/ST/STM32_USB_Device_Library/Core/Src/usbd_core.o
                0x000000000800d59c                USBD_Init
 .text.USBD_RegisterClass
                0x000000000800d608       0x42 Middlewares/ST/STM32_USB_Device_Library/Core/Src/usbd_core.o
                0x000000000800d608                USBD_RegisterClass
 .text.USBD_Start
                0x000000000800d64a       0x18 Middlewares/ST/STM32_USB_Device_Library/Core/Src/usbd_core.o
                0x000000000800d64a                USBD_Start
 .text.USBD_RunTestMode
                0x000000000800d662       0x16 Middlewares/ST/STM32_USB_Device_Library/Core/Src/usbd_core.o
                0x000000000800d662                USBD_RunTestMode
 .text.USBD_SetClassConfig
                0x000000000800d678       0x38 Middlewares/ST/STM32_USB_Device_Library/Core/Src/usbd_core.o
                0x000000000800d678                USBD_SetClassConfig
 .text.USBD_ClrClassConfig
                0x000000000800d6b0       0x30 Middlewares/ST/STM32_USB_Device_Library/Core/Src/usbd_core.o
                0x000000000800d6b0                USBD_ClrClassConfig
 .text.USBD_LL_SetupStage
                0x000000000800d6e0       0xa6 Middlewares/ST/STM32_USB_Device_Library/Core/Src/usbd_core.o
                0x000000000800d6e0                USBD_LL_SetupStage
 .text.USBD_LL_DataOutStage
                0x000000000800d786       0xc6 Middlewares/ST/STM32_USB_Device_Library/Core/Src/usbd_core.o
                0x000000000800d786                USBD_LL_DataOutStage
 .text.USBD_LL_DataInStage
                0x000000000800d84c      0x12c Middlewares/ST/STM32_USB_Device_Library/Core/Src/usbd_core.o
                0x000000000800d84c                USBD_LL_DataInStage
 .text.USBD_LL_Reset
                0x000000000800d978       0x82 Middlewares/ST/STM32_USB_Device_Library/Core/Src/usbd_core.o
                0x000000000800d978                USBD_LL_Reset
 .text.USBD_LL_SetSpeed
                0x000000000800d9fa       0x20 Middlewares/ST/STM32_USB_Device_Library/Core/Src/usbd_core.o
                0x000000000800d9fa                USBD_LL_SetSpeed
 .text.USBD_LL_Suspend
                0x000000000800da1a       0x2a Middlewares/ST/STM32_USB_Device_Library/Core/Src/usbd_core.o
                0x000000000800da1a                USBD_LL_Suspend
 .text.USBD_LL_Resume
                0x000000000800da44       0x2c Middlewares/ST/STM32_USB_Device_Library/Core/Src/usbd_core.o
                0x000000000800da44                USBD_LL_Resume
 .text.USBD_LL_SOF
                0x000000000800da70       0x34 Middlewares/ST/STM32_USB_Device_Library/Core/Src/usbd_core.o
                0x000000000800da70                USBD_LL_SOF
 .text.USBD_LL_IsoINIncomplete
                0x000000000800daa4       0x1a Middlewares/ST/STM32_USB_Device_Library/Core/Src/usbd_core.o
                0x000000000800daa4                USBD_LL_IsoINIncomplete
 .text.USBD_LL_IsoOUTIncomplete
                0x000000000800dabe       0x1a Middlewares/ST/STM32_USB_Device_Library/Core/Src/usbd_core.o
                0x000000000800dabe                USBD_LL_IsoOUTIncomplete
 .text.USBD_LL_DevConnected
                0x000000000800dad8       0x16 Middlewares/ST/STM32_USB_Device_Library/Core/Src/usbd_core.o
                0x000000000800dad8                USBD_LL_DevConnected
 .text.USBD_LL_DevDisconnected
                0x000000000800daee       0x38 Middlewares/ST/STM32_USB_Device_Library/Core/Src/usbd_core.o
                0x000000000800daee                USBD_LL_DevDisconnected
 .text.SWAPBYTE
                0x000000000800db26       0x3c Middlewares/ST/STM32_USB_Device_Library/Core/Src/usbd_ctlreq.o
 *fill*         0x000000000800db62        0x2 
 .text.USBD_StdDevReq
                0x000000000800db64       0xdc Middlewares/ST/STM32_USB_Device_Library/Core/Src/usbd_ctlreq.o
                0x000000000800db64                USBD_StdDevReq
 .text.USBD_StdItfReq
                0x000000000800dc40       0x8c Middlewares/ST/STM32_USB_Device_Library/Core/Src/usbd_ctlreq.o
                0x000000000800dc40                USBD_StdItfReq
 .text.USBD_StdEPReq
                0x000000000800dccc      0x2aa Middlewares/ST/STM32_USB_Device_Library/Core/Src/usbd_ctlreq.o
                0x000000000800dccc                USBD_StdEPReq
 *fill*         0x000000000800df76        0x2 
 .text.USBD_GetDescriptor
                0x000000000800df78      0x2d4 Middlewares/ST/STM32_USB_Device_Library/Core/Src/usbd_ctlreq.o
 .text.USBD_SetAddress
                0x000000000800e24c       0x84 Middlewares/ST/STM32_USB_Device_Library/Core/Src/usbd_ctlreq.o
 .text.USBD_SetConfig
                0x000000000800e2d0      0x148 Middlewares/ST/STM32_USB_Device_Library/Core/Src/usbd_ctlreq.o
 .text.USBD_GetConfig
                0x000000000800e418       0x68 Middlewares/ST/STM32_USB_Device_Library/Core/Src/usbd_ctlreq.o
 .text.USBD_GetStatus
                0x000000000800e480       0x66 Middlewares/ST/STM32_USB_Device_Library/Core/Src/usbd_ctlreq.o
 .text.USBD_SetFeature
                0x000000000800e4e6       0x28 Middlewares/ST/STM32_USB_Device_Library/Core/Src/usbd_ctlreq.o
 .text.USBD_ClrFeature
                0x000000000800e50e       0x42 Middlewares/ST/STM32_USB_Device_Library/Core/Src/usbd_ctlreq.o
 .text.USBD_ParseSetupRequest
                0x000000000800e550       0x74 Middlewares/ST/STM32_USB_Device_Library/Core/Src/usbd_ctlreq.o
                0x000000000800e550                USBD_ParseSetupRequest
 .text.USBD_CtlError
                0x000000000800e5c4       0x22 Middlewares/ST/STM32_USB_Device_Library/Core/Src/usbd_ctlreq.o
                0x000000000800e5c4                USBD_CtlError
 .text.USBD_GetString
                0x000000000800e5e6       0x8c Middlewares/ST/STM32_USB_Device_Library/Core/Src/usbd_ctlreq.o
                0x000000000800e5e6                USBD_GetString
 .text.USBD_GetLen
                0x000000000800e672       0x34 Middlewares/ST/STM32_USB_Device_Library/Core/Src/usbd_ctlreq.o
 .text.USBD_CtlSendData
                0x000000000800e6a6       0x36 Middlewares/ST/STM32_USB_Device_Library/Core/Src/usbd_ioreq.o
                0x000000000800e6a6                USBD_CtlSendData
 .text.USBD_CtlContinueSendData
                0x000000000800e6dc       0x22 Middlewares/ST/STM32_USB_Device_Library/Core/Src/usbd_ioreq.o
                0x000000000800e6dc                USBD_CtlContinueSendData
 .text.USBD_CtlPrepareRx
                0x000000000800e6fe       0x3a Middlewares/ST/STM32_USB_Device_Library/Core/Src/usbd_ioreq.o
                0x000000000800e6fe                USBD_CtlPrepareRx
 .text.USBD_CtlContinueRx
                0x000000000800e738       0x22 Middlewares/ST/STM32_USB_Device_Library/Core/Src/usbd_ioreq.o
                0x000000000800e738                USBD_CtlContinueRx
 .text.USBD_CtlSendStatus
                0x000000000800e75a       0x26 Middlewares/ST/STM32_USB_Device_Library/Core/Src/usbd_ioreq.o
                0x000000000800e75a                USBD_CtlSendStatus
 .text.USBD_CtlReceiveStatus
                0x000000000800e780       0x26 Middlewares/ST/STM32_USB_Device_Library/Core/Src/usbd_ioreq.o
                0x000000000800e780                USBD_CtlReceiveStatus
 *fill*         0x000000000800e7a6        0x2 
 .text.MX_USB_DEVICE_Init
                0x000000000800e7a8       0x60 USB_DEVICE/App/usb_device.o
                0x000000000800e7a8                MX_USB_DEVICE_Init
 .text.CDC_Init_FS
                0x000000000800e808       0x28 USB_DEVICE/App/usbd_cdc_if.o
 .text.CDC_DeInit_FS
                0x000000000800e830       0x10 USB_DEVICE/App/usbd_cdc_if.o
 .text.CDC_Control_FS
                0x000000000800e840       0xbc USB_DEVICE/App/usbd_cdc_if.o
 .text.CDC_Receive_FS
                0x000000000800e8fc       0x28 USB_DEVICE/App/usbd_cdc_if.o
 .text.CDC_TransmitCplt_FS
                0x000000000800e924       0x22 USB_DEVICE/App/usbd_cdc_if.o
 *fill*         0x000000000800e946        0x2 
 .text.USBD_FS_DeviceDescriptor
                0x000000000800e948       0x24 USB_DEVICE/App/usbd_desc.o
                0x000000000800e948                USBD_FS_DeviceDescriptor
 .text.USBD_FS_LangIDStrDescriptor
                0x000000000800e96c       0x24 USB_DEVICE/App/usbd_desc.o
                0x000000000800e96c                USBD_FS_LangIDStrDescriptor
 .text.USBD_FS_ProductStrDescriptor
                0x000000000800e990       0x3c USB_DEVICE/App/usbd_desc.o
                0x000000000800e990                USBD_FS_ProductStrDescriptor
 .text.USBD_FS_ManufacturerStrDescriptor
                0x000000000800e9cc       0x28 USB_DEVICE/App/usbd_desc.o
                0x000000000800e9cc                USBD_FS_ManufacturerStrDescriptor
 .text.USBD_FS_SerialStrDescriptor
                0x000000000800e9f4       0x24 USB_DEVICE/App/usbd_desc.o
                0x000000000800e9f4                USBD_FS_SerialStrDescriptor
 .text.USBD_FS_ConfigStrDescriptor
                0x000000000800ea18       0x3c USB_DEVICE/App/usbd_desc.o
                0x000000000800ea18                USBD_FS_ConfigStrDescriptor
 .text.USBD_FS_InterfaceStrDescriptor
                0x000000000800ea54       0x3c USB_DEVICE/App/usbd_desc.o
                0x000000000800ea54                USBD_FS_InterfaceStrDescriptor
 .text.Get_SerialNum
                0x000000000800ea90       0x58 USB_DEVICE/App/usbd_desc.o
 .text.IntToUnicode
                0x000000000800eae8       0x7c USB_DEVICE/App/usbd_desc.o
 .text.HAL_PCD_MspInit
                0x000000000800eb64       0xa8 USB_DEVICE/Target/usbd_conf.o
                0x000000000800eb64                HAL_PCD_MspInit
 .text.HAL_PCD_SetupStageCallback
                0x000000000800ec0c       0x24 USB_DEVICE/Target/usbd_conf.o
                0x000000000800ec0c                HAL_PCD_SetupStageCallback
 .text.HAL_PCD_DataOutStageCallback
                0x000000000800ec30       0x36 USB_DEVICE/Target/usbd_conf.o
                0x000000000800ec30                HAL_PCD_DataOutStageCallback
 .text.HAL_PCD_DataInStageCallback
                0x000000000800ec66       0x34 USB_DEVICE/Target/usbd_conf.o
                0x000000000800ec66                HAL_PCD_DataInStageCallback
 .text.HAL_PCD_SOFCallback
                0x000000000800ec9a       0x1c USB_DEVICE/Target/usbd_conf.o
                0x000000000800ec9a                HAL_PCD_SOFCallback
 .text.HAL_PCD_ResetCallback
                0x000000000800ecb6       0x50 USB_DEVICE/Target/usbd_conf.o
                0x000000000800ecb6                HAL_PCD_ResetCallback
 *fill*         0x000000000800ed06        0x2 
 .text.HAL_PCD_SuspendCallback
                0x000000000800ed08       0x4c USB_DEVICE/Target/usbd_conf.o
                0x000000000800ed08                HAL_PCD_SuspendCallback
 .text.HAL_PCD_ResumeCallback
                0x000000000800ed54       0x1c USB_DEVICE/Target/usbd_conf.o
                0x000000000800ed54                HAL_PCD_ResumeCallback
 .text.HAL_PCD_ISOOUTIncompleteCallback
                0x000000000800ed70       0x24 USB_DEVICE/Target/usbd_conf.o
                0x000000000800ed70                HAL_PCD_ISOOUTIncompleteCallback
 .text.HAL_PCD_ISOINIncompleteCallback
                0x000000000800ed94       0x24 USB_DEVICE/Target/usbd_conf.o
                0x000000000800ed94                HAL_PCD_ISOINIncompleteCallback
 .text.HAL_PCD_ConnectCallback
                0x000000000800edb8       0x1c USB_DEVICE/Target/usbd_conf.o
                0x000000000800edb8                HAL_PCD_ConnectCallback
 .text.HAL_PCD_DisconnectCallback
                0x000000000800edd4       0x1c USB_DEVICE/Target/usbd_conf.o
                0x000000000800edd4                HAL_PCD_DisconnectCallback
 .text.USBD_LL_Init
                0x000000000800edf0       0x98 USB_DEVICE/Target/usbd_conf.o
                0x000000000800edf0                USBD_LL_Init
 .text.USBD_LL_Start
                0x000000000800ee88       0x36 USB_DEVICE/Target/usbd_conf.o
                0x000000000800ee88                USBD_LL_Start
 .text.USBD_LL_OpenEP
                0x000000000800eebe       0x4c USB_DEVICE/Target/usbd_conf.o
                0x000000000800eebe                USBD_LL_OpenEP
 .text.USBD_LL_CloseEP
                0x000000000800ef0a       0x3e USB_DEVICE/Target/usbd_conf.o
                0x000000000800ef0a                USBD_LL_CloseEP
 .text.USBD_LL_StallEP
                0x000000000800ef48       0x3e USB_DEVICE/Target/usbd_conf.o
                0x000000000800ef48                USBD_LL_StallEP
 .text.USBD_LL_ClearStallEP
                0x000000000800ef86       0x3e USB_DEVICE/Target/usbd_conf.o
                0x000000000800ef86                USBD_LL_ClearStallEP
 .text.USBD_LL_IsStallEP
                0x000000000800efc4       0x58 USB_DEVICE/Target/usbd_conf.o
                0x000000000800efc4                USBD_LL_IsStallEP
 .text.USBD_LL_SetUSBAddress
                0x000000000800f01c       0x3e USB_DEVICE/Target/usbd_conf.o
                0x000000000800f01c                USBD_LL_SetUSBAddress
 .text.USBD_LL_Transmit
                0x000000000800f05a       0x42 USB_DEVICE/Target/usbd_conf.o
                0x000000000800f05a                USBD_LL_Transmit
 .text.USBD_LL_PrepareReceive
                0x000000000800f09c       0x42 USB_DEVICE/Target/usbd_conf.o
                0x000000000800f09c                USBD_LL_PrepareReceive
 .text.USBD_LL_GetRxDataSize
                0x000000000800f0de       0x26 USB_DEVICE/Target/usbd_conf.o
                0x000000000800f0de                USBD_LL_GetRxDataSize
 .text.USBD_Get_USB_Status
                0x000000000800f104       0x58 USB_DEVICE/Target/usbd_conf.o
                0x000000000800f104                USBD_Get_USB_Status
 .text.__errno  0x000000000800f15c        0xc t:/programs/st/stm32cubeide_1.4.0/stm32cubeide/plugins/com.st.stm32cube.ide.mcu.externaltools.gnu-tools-for-stm32.7-2018-q2-update.win32_1.4.0.202007081208/tools/bin/../lib/gcc/arm-none-eabi/7.3.1/../../../../arm-none-eabi/lib/thumb/v7e-m/fpv4-sp/hard\libc_nano.a(lib_a-errno.o)
                0x000000000800f15c                __errno
 .text.__libc_init_array
                0x000000000800f168       0x48 t:/programs/st/stm32cubeide_1.4.0/stm32cubeide/plugins/com.st.stm32cube.ide.mcu.externaltools.gnu-tools-for-stm32.7-2018-q2-update.win32_1.4.0.202007081208/tools/bin/../lib/gcc/arm-none-eabi/7.3.1/../../../../arm-none-eabi/lib/thumb/v7e-m/fpv4-sp/hard\libc_nano.a(lib_a-init.o)
                0x000000000800f168                __libc_init_array
 .text.malloc   0x000000000800f1b0       0x10 t:/programs/st/stm32cubeide_1.4.0/stm32cubeide/plugins/com.st.stm32cube.ide.mcu.externaltools.gnu-tools-for-stm32.7-2018-q2-update.win32_1.4.0.202007081208/tools/bin/../lib/gcc/arm-none-eabi/7.3.1/../../../../arm-none-eabi/lib/thumb/v7e-m/fpv4-sp/hard\libc_nano.a(lib_a-malloc.o)
                0x000000000800f1b0                malloc
 .text.free     0x000000000800f1c0       0x10 t:/programs/st/stm32cubeide_1.4.0/stm32cubeide/plugins/com.st.stm32cube.ide.mcu.externaltools.gnu-tools-for-stm32.7-2018-q2-update.win32_1.4.0.202007081208/tools/bin/../lib/gcc/arm-none-eabi/7.3.1/../../../../arm-none-eabi/lib/thumb/v7e-m/fpv4-sp/hard\libc_nano.a(lib_a-malloc.o)
                0x000000000800f1c0                free
 .text.memset   0x000000000800f1d0       0x10 t:/programs/st/stm32cubeide_1.4.0/stm32cubeide/plugins/com.st.stm32cube.ide.mcu.externaltools.gnu-tools-for-stm32.7-2018-q2-update.win32_1.4.0.202007081208/tools/bin/../lib/gcc/arm-none-eabi/7.3.1/../../../../arm-none-eabi/lib/thumb/v7e-m/fpv4-sp/hard\libc_nano.a(lib_a-memset.o)
                0x000000000800f1d0                memset
 .text._free_r  0x000000000800f1e0       0x9c t:/programs/st/stm32cubeide_1.4.0/stm32cubeide/plugins/com.st.stm32cube.ide.mcu.externaltools.gnu-tools-for-stm32.7-2018-q2-update.win32_1.4.0.202007081208/tools/bin/../lib/gcc/arm-none-eabi/7.3.1/../../../../arm-none-eabi/lib/thumb/v7e-m/fpv4-sp/hard\libc_nano.a(lib_a-nano-freer.o)
                0x000000000800f1e0                _free_r
 .text._malloc_r
                0x000000000800f27c       0xb4 t:/programs/st/stm32cubeide_1.4.0/stm32cubeide/plugins/com.st.stm32cube.ide.mcu.externaltools.gnu-tools-for-stm32.7-2018-q2-update.win32_1.4.0.202007081208/tools/bin/../lib/gcc/arm-none-eabi/7.3.1/../../../../arm-none-eabi/lib/thumb/v7e-m/fpv4-sp/hard\libc_nano.a(lib_a-nano-mallocr.o)
                0x000000000800f27c                _malloc_r
 .text._sbrk_r  0x000000000800f330       0x20 t:/programs/st/stm32cubeide_1.4.0/stm32cubeide/plugins/com.st.stm32cube.ide.mcu.externaltools.gnu-tools-for-stm32.7-2018-q2-update.win32_1.4.0.202007081208/tools/bin/../lib/gcc/arm-none-eabi/7.3.1/../../../../arm-none-eabi/lib/thumb/v7e-m/fpv4-sp/hard\libc_nano.a(lib_a-sbrkr.o)
                0x000000000800f330                _sbrk_r
 .text.sprintf  0x000000000800f350       0x40 t:/programs/st/stm32cubeide_1.4.0/stm32cubeide/plugins/com.st.stm32cube.ide.mcu.externaltools.gnu-tools-for-stm32.7-2018-q2-update.win32_1.4.0.202007081208/tools/bin/../lib/gcc/arm-none-eabi/7.3.1/../../../../arm-none-eabi/lib/thumb/v7e-m/fpv4-sp/hard\libc_nano.a(lib_a-sprintf.o)
                0x000000000800f350                siprintf
                0x000000000800f350                sprintf
 .text.strcpy   0x000000000800f390       0x10 t:/programs/st/stm32cubeide_1.4.0/stm32cubeide/plugins/com.st.stm32cube.ide.mcu.externaltools.gnu-tools-for-stm32.7-2018-q2-update.win32_1.4.0.202007081208/tools/bin/../lib/gcc/arm-none-eabi/7.3.1/../../../../arm-none-eabi/lib/thumb/v7e-m/fpv4-sp/hard\libc_nano.a(lib_a-strcpy.o)
                0x000000000800f390                strcpy
 .text.__malloc_lock
                0x000000000800f3a0        0x2 t:/programs/st/stm32cubeide_1.4.0/stm32cubeide/plugins/com.st.stm32cube.ide.mcu.externaltools.gnu-tools-for-stm32.7-2018-q2-update.win32_1.4.0.202007081208/tools/bin/../lib/gcc/arm-none-eabi/7.3.1/../../../../arm-none-eabi/lib/thumb/v7e-m/fpv4-sp/hard\libc_nano.a(lib_a-mlock.o)
                0x000000000800f3a0                __malloc_lock
 .text.__malloc_unlock
                0x000000000800f3a2        0x2 t:/programs/st/stm32cubeide_1.4.0/stm32cubeide/plugins/com.st.stm32cube.ide.mcu.externaltools.gnu-tools-for-stm32.7-2018-q2-update.win32_1.4.0.202007081208/tools/bin/../lib/gcc/arm-none-eabi/7.3.1/../../../../arm-none-eabi/lib/thumb/v7e-m/fpv4-sp/hard\libc_nano.a(lib_a-mlock.o)
                0x000000000800f3a2                __malloc_unlock
 .text.__ssputs_r
                0x000000000800f3a4       0xb4 t:/programs/st/stm32cubeide_1.4.0/stm32cubeide/plugins/com.st.stm32cube.ide.mcu.externaltools.gnu-tools-for-stm32.7-2018-q2-update.win32_1.4.0.202007081208/tools/bin/../lib/gcc/arm-none-eabi/7.3.1/../../../../arm-none-eabi/lib/thumb/v7e-m/fpv4-sp/hard\libc_nano.a(lib_a-nano-svfprintf.o)
                0x000000000800f3a4                __ssputs_r
 .text._svfprintf_r
                0x000000000800f458      0x1f0 t:/programs/st/stm32cubeide_1.4.0/stm32cubeide/plugins/com.st.stm32cube.ide.mcu.externaltools.gnu-tools-for-stm32.7-2018-q2-update.win32_1.4.0.202007081208/tools/bin/../lib/gcc/arm-none-eabi/7.3.1/../../../../arm-none-eabi/lib/thumb/v7e-m/fpv4-sp/hard\libc_nano.a(lib_a-nano-svfprintf.o)
                0x000000000800f458                _svfiprintf_r
                0x000000000800f458                _svfprintf_r
 .text._printf_common
                0x000000000800f648       0xea t:/programs/st/stm32cubeide_1.4.0/stm32cubeide/plugins/com.st.stm32cube.ide.mcu.externaltools.gnu-tools-for-stm32.7-2018-q2-update.win32_1.4.0.202007081208/tools/bin/../lib/gcc/arm-none-eabi/7.3.1/../../../../arm-none-eabi/lib/thumb/v7e-m/fpv4-sp/hard\libc_nano.a(lib_a-nano-vfprintf_i.o)
                0x000000000800f648                _printf_common
 *fill*         0x000000000800f732        0x2 
 .text._printf_i
                0x000000000800f734      0x224 t:/programs/st/stm32cubeide_1.4.0/stm32cubeide/plugins/com.st.stm32cube.ide.mcu.externaltools.gnu-tools-for-stm32.7-2018-q2-update.win32_1.4.0.202007081208/tools/bin/../lib/gcc/arm-none-eabi/7.3.1/../../../../arm-none-eabi/lib/thumb/v7e-m/fpv4-sp/hard\libc_nano.a(lib_a-nano-vfprintf_i.o)
                0x000000000800f734                _printf_i
 .text.memcpy   0x000000000800f958       0x16 t:/programs/st/stm32cubeide_1.4.0/stm32cubeide/plugins/com.st.stm32cube.ide.mcu.externaltools.gnu-tools-for-stm32.7-2018-q2-update.win32_1.4.0.202007081208/tools/bin/../lib/gcc/arm-none-eabi/7.3.1/../../../../arm-none-eabi/lib/thumb/v7e-m/fpv4-sp/hard\libc_nano.a(lib_a-memcpy-stub.o)
                0x000000000800f958                memcpy
 .text.memmove  0x000000000800f96e       0x32 t:/programs/st/stm32cubeide_1.4.0/stm32cubeide/plugins/com.st.stm32cube.ide.mcu.externaltools.gnu-tools-for-stm32.7-2018-q2-update.win32_1.4.0.202007081208/tools/bin/../lib/gcc/arm-none-eabi/7.3.1/../../../../arm-none-eabi/lib/thumb/v7e-m/fpv4-sp/hard\libc_nano.a(lib_a-memmove.o)
                0x000000000800f96e                memmove
 .text._realloc_r
                0x000000000800f9a0       0x4c t:/programs/st/stm32cubeide_1.4.0/stm32cubeide/plugins/com.st.stm32cube.ide.mcu.externaltools.gnu-tools-for-stm32.7-2018-q2-update.win32_1.4.0.202007081208/tools/bin/../lib/gcc/arm-none-eabi/7.3.1/../../../../arm-none-eabi/lib/thumb/v7e-m/fpv4-sp/hard\libc_nano.a(lib_a-nano-reallocr.o)
                0x000000000800f9a0                _realloc_r
 .text._malloc_usable_size_r
                0x000000000800f9ec       0x10 t:/programs/st/stm32cubeide_1.4.0/stm32cubeide/plugins/com.st.stm32cube.ide.mcu.externaltools.gnu-tools-for-stm32.7-2018-q2-update.win32_1.4.0.202007081208/tools/bin/../lib/gcc/arm-none-eabi/7.3.1/../../../../arm-none-eabi/lib/thumb/v7e-m/fpv4-sp/hard\libc_nano.a(lib_a-nano-msizer.o)
                0x000000000800f9ec                _malloc_usable_size_r
 .text.round    0x000000000800f9fc       0x94 t:/programs/st/stm32cubeide_1.4.0/stm32cubeide/plugins/com.st.stm32cube.ide.mcu.externaltools.gnu-tools-for-stm32.7-2018-q2-update.win32_1.4.0.202007081208/tools/bin/../lib/gcc/arm-none-eabi/7.3.1/../../../../arm-none-eabi/lib/thumb/v7e-m/fpv4-sp/hard\libm.a(lib_a-s_round.o)
                0x000000000800f9fc                round
 .text.sin      0x000000000800fa90       0x90 t:/programs/st/stm32cubeide_1.4.0/stm32cubeide/plugins/com.st.stm32cube.ide.mcu.externaltools.gnu-tools-for-stm32.7-2018-q2-update.win32_1.4.0.202007081208/tools/bin/../lib/gcc/arm-none-eabi/7.3.1/../../../../arm-none-eabi/lib/thumb/v7e-m/fpv4-sp/hard\libm.a(lib_a-s_sin.o)
                0x000000000800fa90                sin
 .text.asin     0x000000000800fb20       0xb0 t:/programs/st/stm32cubeide_1.4.0/stm32cubeide/plugins/com.st.stm32cube.ide.mcu.externaltools.gnu-tools-for-stm32.7-2018-q2-update.win32_1.4.0.202007081208/tools/bin/../lib/gcc/arm-none-eabi/7.3.1/../../../../arm-none-eabi/lib/thumb/v7e-m/fpv4-sp/hard\libm.a(lib_a-w_asin.o)
                0x000000000800fb20                asin
 .text.pow      0x000000000800fbd0      0x2e0 t:/programs/st/stm32cubeide_1.4.0/stm32cubeide/plugins/com.st.stm32cube.ide.mcu.externaltools.gnu-tools-for-stm32.7-2018-q2-update.win32_1.4.0.202007081208/tools/bin/../lib/gcc/arm-none-eabi/7.3.1/../../../../arm-none-eabi/lib/thumb/v7e-m/fpv4-sp/hard\libm.a(lib_a-w_pow.o)
                0x000000000800fbd0                pow
 .text.sqrt     0x000000000800feb0       0xb4 t:/programs/st/stm32cubeide_1.4.0/stm32cubeide/plugins/com.st.stm32cube.ide.mcu.externaltools.gnu-tools-for-stm32.7-2018-q2-update.win32_1.4.0.202007081208/tools/bin/../lib/gcc/arm-none-eabi/7.3.1/../../../../arm-none-eabi/lib/thumb/v7e-m/fpv4-sp/hard\libm.a(lib_a-w_sqrt.o)
                0x000000000800feb0                sqrt
 *fill*         0x000000000800ff64        0x4 
 .text.__ieee754_asin
                0x000000000800ff68      0x420 t:/programs/st/stm32cubeide_1.4.0/stm32cubeide/plugins/com.st.stm32cube.ide.mcu.externaltools.gnu-tools-for-stm32.7-2018-q2-update.win32_1.4.0.202007081208/tools/bin/../lib/gcc/arm-none-eabi/7.3.1/../../../../arm-none-eabi/lib/thumb/v7e-m/fpv4-sp/hard\libm.a(lib_a-e_asin.o)
                0x000000000800ff68                __ieee754_asin
 .text.__ieee754_pow
                0x0000000008010388      0xa1c t:/programs/st/stm32cubeide_1.4.0/stm32cubeide/plugins/com.st.stm32cube.ide.mcu.externaltools.gnu-tools-for-stm32.7-2018-q2-update.win32_1.4.0.202007081208/tools/bin/../lib/gcc/arm-none-eabi/7.3.1/../../../../arm-none-eabi/lib/thumb/v7e-m/fpv4-sp/hard\libm.a(lib_a-e_pow.o)
                0x0000000008010388                __ieee754_pow
 *fill*         0x0000000008010da4        0x4 
 .text.__ieee754_rem_pio2
                0x0000000008010da8      0x3e4 t:/programs/st/stm32cubeide_1.4.0/stm32cubeide/plugins/com.st.stm32cube.ide.mcu.externaltools.gnu-tools-for-stm32.7-2018-q2-update.win32_1.4.0.202007081208/tools/bin/../lib/gcc/arm-none-eabi/7.3.1/../../../../arm-none-eabi/lib/thumb/v7e-m/fpv4-sp/hard\libm.a(lib_a-e_rem_pio2.o)
                0x0000000008010da8                __ieee754_rem_pio2
 .text.__ieee754_sqrt
                0x000000000801118c      0x160 t:/programs/st/stm32cubeide_1.4.0/stm32cubeide/plugins/com.st.stm32cube.ide.mcu.externaltools.gnu-tools-for-stm32.7-2018-q2-update.win32_1.4.0.202007081208/tools/bin/../lib/gcc/arm-none-eabi/7.3.1/../../../../arm-none-eabi/lib/thumb/v7e-m/fpv4-sp/hard\libm.a(lib_a-e_sqrt.o)
                0x000000000801118c                __ieee754_sqrt
 *fill*         0x00000000080112ec        0x4 
 .text.__kernel_cos
                0x00000000080112f0      0x18c t:/programs/st/stm32cubeide_1.4.0/stm32cubeide/plugins/com.st.stm32cube.ide.mcu.externaltools.gnu-tools-for-stm32.7-2018-q2-update.win32_1.4.0.202007081208/tools/bin/../lib/gcc/arm-none-eabi/7.3.1/../../../../arm-none-eabi/lib/thumb/v7e-m/fpv4-sp/hard\libm.a(lib_a-k_cos.o)
                0x00000000080112f0                __kernel_cos
 *fill*         0x000000000801147c        0x4 
 .text.__kernel_rem_pio2
                0x0000000008011480      0x680 t:/programs/st/stm32cubeide_1.4.0/stm32cubeide/plugins/com.st.stm32cube.ide.mcu.externaltools.gnu-tools-for-stm32.7-2018-q2-update.win32_1.4.0.202007081208/tools/bin/../lib/gcc/arm-none-eabi/7.3.1/../../../../arm-none-eabi/lib/thumb/v7e-m/fpv4-sp/hard\libm.a(lib_a-k_rem_pio2.o)
                0x0000000008011480                __kernel_rem_pio2
 .text.__kernel_sin
                0x0000000008011b00      0x174 t:/programs/st/stm32cubeide_1.4.0/stm32cubeide/plugins/com.st.stm32cube.ide.mcu.externaltools.gnu-tools-for-stm32.7-2018-q2-update.win32_1.4.0.202007081208/tools/bin/../lib/gcc/arm-none-eabi/7.3.1/../../../../arm-none-eabi/lib/thumb/v7e-m/fpv4-sp/hard\libm.a(lib_a-k_sin.o)
                0x0000000008011b00                __kernel_sin
 .text.fabs     0x0000000008011c74       0x12 t:/programs/st/stm32cubeide_1.4.0/stm32cubeide/plugins/com.st.stm32cube.ide.mcu.externaltools.gnu-tools-for-stm32.7-2018-q2-update.win32_1.4.0.202007081208/tools/bin/../lib/gcc/arm-none-eabi/7.3.1/../../../../arm-none-eabi/lib/thumb/v7e-m/fpv4-sp/hard\libm.a(lib_a-s_fabs.o)
                0x0000000008011c74                fabs
 .text.finite   0x0000000008011c86       0x10 t:/programs/st/stm32cubeide_1.4.0/stm32cubeide/plugins/com.st.stm32cube.ide.mcu.externaltools.gnu-tools-for-stm32.7-2018-q2-update.win32_1.4.0.202007081208/tools/bin/../lib/gcc/arm-none-eabi/7.3.1/../../../../arm-none-eabi/lib/thumb/v7e-m/fpv4-sp/hard\libm.a(lib_a-s_finite.o)
                0x0000000008011c86                finite
 *fill*         0x0000000008011c96        0x2 
 .text.floor    0x0000000008011c98      0x108 t:/programs/st/stm32cubeide_1.4.0/stm32cubeide/plugins/com.st.stm32cube.ide.mcu.externaltools.gnu-tools-for-stm32.7-2018-q2-update.win32_1.4.0.202007081208/tools/bin/../lib/gcc/arm-none-eabi/7.3.1/../../../../arm-none-eabi/lib/thumb/v7e-m/fpv4-sp/hard\libm.a(lib_a-s_floor.o)
                0x0000000008011c98                floor
 .text.matherr  0x0000000008011da0        0x4 t:/programs/st/stm32cubeide_1.4.0/stm32cubeide/plugins/com.st.stm32cube.ide.mcu.externaltools.gnu-tools-for-stm32.7-2018-q2-update.win32_1.4.0.202007081208/tools/bin/../lib/gcc/arm-none-eabi/7.3.1/../../../../arm-none-eabi/lib/thumb/v7e-m/fpv4-sp/hard\libm.a(lib_a-s_matherr.o)
                0x0000000008011da0                matherr
 *fill*         0x0000000008011da4        0x4 
 .text.nan      0x0000000008011da8       0x10 t:/programs/st/stm32cubeide_1.4.0/stm32cubeide/plugins/com.st.stm32cube.ide.mcu.externaltools.gnu-tools-for-stm32.7-2018-q2-update.win32_1.4.0.202007081208/tools/bin/../lib/gcc/arm-none-eabi/7.3.1/../../../../arm-none-eabi/lib/thumb/v7e-m/fpv4-sp/hard\libm.a(lib_a-s_nan.o)
                0x0000000008011da8                nan
 .text.rint     0x0000000008011db8      0x108 t:/programs/st/stm32cubeide_1.4.0/stm32cubeide/plugins/com.st.stm32cube.ide.mcu.externaltools.gnu-tools-for-stm32.7-2018-q2-update.win32_1.4.0.202007081208/tools/bin/../lib/gcc/arm-none-eabi/7.3.1/../../../../arm-none-eabi/lib/thumb/v7e-m/fpv4-sp/hard\libm.a(lib_a-s_rint.o)
                0x0000000008011db8                rint
 .text.scalbn   0x0000000008011ec0       0xec t:/programs/st/stm32cubeide_1.4.0/stm32cubeide/plugins/com.st.stm32cube.ide.mcu.externaltools.gnu-tools-for-stm32.7-2018-q2-update.win32_1.4.0.202007081208/tools/bin/../lib/gcc/arm-none-eabi/7.3.1/../../../../arm-none-eabi/lib/thumb/v7e-m/fpv4-sp/hard\libm.a(lib_a-s_scalbn.o)
                0x0000000008011ec0                scalbn
 .text.copysign
                0x0000000008011fac       0x1e t:/programs/st/stm32cubeide_1.4.0/stm32cubeide/plugins/com.st.stm32cube.ide.mcu.externaltools.gnu-tools-for-stm32.7-2018-q2-update.win32_1.4.0.202007081208/tools/bin/../lib/gcc/arm-none-eabi/7.3.1/../../../../arm-none-eabi/lib/thumb/v7e-m/fpv4-sp/hard\libm.a(lib_a-s_copysign.o)
                0x0000000008011fac                copysign
 *(.glue_7)
 .glue_7        0x0000000008011fca        0x0 linker stubs
 *(.glue_7t)
 .glue_7t       0x0000000008011fca        0x0 linker stubs
 *(.eh_frame)
 *fill*         0x0000000008011fca        0x2 
 .eh_frame      0x0000000008011fcc        0x0 t:/programs/st/stm32cubeide_1.4.0/stm32cubeide/plugins/com.st.stm32cube.ide.mcu.externaltools.gnu-tools-for-stm32.7-2018-q2-update.win32_1.4.0.202007081208/tools/bin/../lib/gcc/arm-none-eabi/7.3.1/thumb/v7e-m/fpv4-sp/hard/crtbegin.o
 *(.init)
 .init          0x0000000008011fcc        0x4 t:/programs/st/stm32cubeide_1.4.0/stm32cubeide/plugins/com.st.stm32cube.ide.mcu.externaltools.gnu-tools-for-stm32.7-2018-q2-update.win32_1.4.0.202007081208/tools/bin/../lib/gcc/arm-none-eabi/7.3.1/thumb/v7e-m/fpv4-sp/hard/crti.o
                0x0000000008011fcc                _init
 .init          0x0000000008011fd0        0x8 t:/programs/st/stm32cubeide_1.4.0/stm32cubeide/plugins/com.st.stm32cube.ide.mcu.externaltools.gnu-tools-for-stm32.7-2018-q2-update.win32_1.4.0.202007081208/tools/bin/../lib/gcc/arm-none-eabi/7.3.1/thumb/v7e-m/fpv4-sp/hard/crtn.o
 *(.fini)
 .fini          0x0000000008011fd8        0x4 t:/programs/st/stm32cubeide_1.4.0/stm32cubeide/plugins/com.st.stm32cube.ide.mcu.externaltools.gnu-tools-for-stm32.7-2018-q2-update.win32_1.4.0.202007081208/tools/bin/../lib/gcc/arm-none-eabi/7.3.1/thumb/v7e-m/fpv4-sp/hard/crti.o
                0x0000000008011fd8                _fini