main.c:93:5:main	40	static
main.c:345:6:SystemClock_Config	88	static
main.c:388:6:HAL_GPIO_EXTI_Callback	16	static
main.c:397:6:HAL_I2C_SlaveRxCpltCallback	16	static
main.c:402:6:HAL_I2C_SlaveTxCpltCallback	16	static
main.c:407:6:HAL_TIM_PeriodElapsedCallback	16	static
main.c:417:6:HAL_I2C_ErrorCallback	16	static
main.c:424:10:GetMicros	4	static
main.c:431:10:GetMillis	8	static
main.c:436:10:GetMillisDifference	16	static
main.c:441:10:GetMicrosDifference	24	static
main.c:464:6:Error_Handler	4	static
