main.c:96:5:main	72	static
main.c:350:6:SystemClock_Config	88	static
main.c:393:6:HAL_GPIO_EXTI_Callback	16	static
main.c:402:6:HAL_I2C_AddrCallback	16	static
main.c:423:6:HAL_I2C_ListenCpltCallback	16	static
main.c:428:6:HAL_I2C_SlaveRxCpltCallback	16	static
main.c:433:6:HAL_I2C_SlaveTxCpltCallback	16	static
main.c:439:6:HAL_TIM_PeriodElapsedCallback	16	static
main.c:450:6:HAL_I2C_ErrorCallback	16	static
main.c:463:10:GetMicros	4	static
main.c:470:10:GetMillis	8	static
main.c:475:10:GetMillisDifference	16	static
main.c:480:10:GetMicrosDifference	24	static
main.c:503:6:Error_Handler	4	static
