main.c:116:5:main	32	static
main.c:414:6:SystemClock_Config	104	static
main.c:463:6:HAL_TIM_IC_CaptureCallback	16	static
main.c:528:6:HAL_TIM_PeriodElapsedCallback	16	static
main.c:537:10:GetMicros	4	static
main.c:543:10:GetMillis	8	static
main.c:548:10:GetMillisDifference	16	static
main.c:553:10:GetMicrosDifference	24	static
main.c:570:6:HAL_I2C_MemRxCpltCallback	16	static
main.c:574:6:HAL_I2C_MasterTxCpltCallback	16	static
main.c:582:6:HAL_I2C_MasterRxCpltCallback	16	static
main.c:591:6:HAL_I2C_AbortCpltCallback	16	static
main.c:600:6:HAL_I2C_ErrorCallback	16	static
main.c:607:6:HAL_TIM_PWM_PulseFinishedCallback	16	static
main.c:618:6:Error_Handler	4	static
