main.c:105:5:main	48	static
main.c:337:6:SystemClock_Config	104	static
main.c:386:6:HAL_TIM_IC_CaptureCallback	16	static
main.c:451:6:HAL_TIM_PeriodElapsedCallback	16	static
main.c:460:10:GetMicros	4	static
main.c:466:10:GetMillis	8	static
main.c:471:10:GetMillisDifference	16	static
main.c:476:10:GetMicrosDifference	24	static
main.c:493:6:HAL_I2C_MemRxCpltCallback	16	static
main.c:497:6:HAL_I2C_MasterTxCpltCallback	16	static
main.c:505:6:HAL_I2C_MasterRxCpltCallback	16	static
main.c:514:6:HAL_I2C_AbortCpltCallback	16	static
main.c:523:6:HAL_I2C_ErrorCallback	16	static
main.c:530:6:HAL_TIM_PWM_PulseFinishedCallback	16	static
main.c:541:6:Error_Handler	4	static
